Archive member included to satisfy reference by file (symbol)

platform/libplatform_s.a(system_nrf91.o)
                              secure_fw/CMakeFiles/tfm_s.dir/__/platform/ext/target/nordic_nrf/common/core/startup.o (SystemInit)
platform/libplatform_s.a(exception_info.o)
                              secure_fw/CMakeFiles/tfm_s.dir/__/platform/ext/target/nordic_nrf/common/core/startup_nrf91.o (store_and_dump_context)
platform/libplatform_s.a(tfm_hal_spm_logdev_peripheral.o)
                              platform/libplatform_s.a(exception_info.o) (tfm_hal_output_spm_log)
platform/libplatform_s.a(uart_stdout.o)
                              platform/libplatform_s.a(tfm_hal_spm_logdev_peripheral.o) (stdio_output_string)
platform/libplatform_s.a(Driver_USART.o)
                              platform/libplatform_s.a(uart_stdout.o) (Driver_USART1)
platform/libplatform_s.a(nrfx_uarte.o)
                              platform/libplatform_s.a(Driver_USART.o) (nrfx_uarte_init)
platform/libplatform_s.a(nrfx_glue.o)
                              platform/libplatform_s.a(nrfx_uarte.o) (nrfx_critical_section_enter)
secure_fw/partitions/lib/runtime/libtfm_sprt.a(crt_memmove.o)
                              platform/libplatform_s.a(nrfx_uarte.o) (memmove)
secure_fw/partitions/lib/runtime/libtfm_sprt.a(crt_memcpy.o)
                              platform/libplatform_s.a(exception_info.o) (memcpy)
secure_fw/partitions/lib/runtime/libtfm_sprt.a(crt_memset.o)
                              /home/abdullah/ncs/toolchains/b77d8c1312/opt/zephyr-sdk/arm-zephyr-eabi/bin/../lib/gcc/arm-zephyr-eabi/12.2.0/../../../../arm-zephyr-eabi/lib/thumb/v8-m.main/nofp/crt0.o (memset)
secure_fw/partitions/lib/runtime/libtfm_sprt.a(psa_interface_sfn.o)
                              secure_fw/CMakeFiles/tfm_s.dir/partitions/ns_agent_tz/psa_api_veneers_v80m.o (psa_framework_version)
secure_fw/spm/libtfm_spm.a(utilities.o)
                              secure_fw/CMakeFiles/tfm_s.dir/__/platform/ext/target/nordic_nrf/common/core/startup.o (tfm_core_panic)
secure_fw/spm/libtfm_spm.a(spm_log.o)
                              platform/libplatform_s.a(exception_info.o) (spm_log_msgval)
secure_fw/spm/libtfm_spm.a(main.o)
                              /home/abdullah/ncs/toolchains/b77d8c1312/opt/zephyr-sdk/arm-zephyr-eabi/bin/../lib/gcc/arm-zephyr-eabi/12.2.0/../../../../arm-zephyr-eabi/lib/thumb/v8-m.main/nofp/crt0.o (main)
secure_fw/spm/libtfm_spm.a(spm_ipc.o)
                              secure_fw/spm/libtfm_spm.a(main.o) (tfm_spm_init)
secure_fw/spm/libtfm_spm.a(rom_loader.o)
                              secure_fw/spm/libtfm_spm.a(spm_ipc.o) (load_a_partition_assuredly)
secure_fw/spm/libtfm_spm.a(psa_api.o)
                              secure_fw/partitions/lib/runtime/libtfm_sprt.a(psa_interface_sfn.o) (spm_handle_programmer_errors)
secure_fw/spm/libtfm_spm.a(psa_call_api.o)
                              secure_fw/partitions/lib/runtime/libtfm_sprt.a(psa_interface_sfn.o) (tfm_spm_client_psa_call)
secure_fw/spm/libtfm_spm.a(psa_version_api.o)
                              secure_fw/partitions/lib/runtime/libtfm_sprt.a(psa_interface_sfn.o) (tfm_spm_client_psa_framework_version)
secure_fw/spm/libtfm_spm.a(psa_read_write_skip_api.o)
                              secure_fw/partitions/lib/runtime/libtfm_sprt.a(psa_interface_sfn.o) (tfm_spm_partition_psa_read)
secure_fw/spm/libtfm_spm.a(backend_sfn.o)
                              secure_fw/spm/libtfm_spm.a(spm_ipc.o) (partition_listhead)
secure_fw/spm/libtfm_spm.a(tfm_spm_ns_ctx.o)
                              secure_fw/spm/libtfm_spm.a(backend_sfn.o) (tz_ns_agent_register_client_id_range)
secure_fw/spm/libtfm_spm.a(spm_local_connection.o)
                              secure_fw/spm/libtfm_spm.a(spm_ipc.o) (connection_to_handle)
secure_fw/spm/libtfm_spm.a(tfm_arch_v8m_main.o)
                              secure_fw/spm/libtfm_spm.a(main.o) (tfm_arch_set_secure_exception_priorities)
secure_fw/spm/libtfm_spm.a(ns_agent_tz_v80m.o)
                              secure_fw/CMakeFiles/tfm_s.dir/partitions/ns_agent_tz/load_info_ns_agent_tz.o (ns_agent_tz_main)
secure_fw/spm/libtfm_spm.a(tfm_hal_isolation.o)
                              secure_fw/spm/libtfm_spm.a(main.o) (tfm_hal_set_up_static_boundaries)
secure_fw/spm/libtfm_spm.a(tfm_hal_platform_common.o)
                              secure_fw/spm/libtfm_spm.a(tfm_spm_ns_ctx.o) (tfm_hal_get_ns_VTOR)
secure_fw/spm/libtfm_spm.a(faults.o)
                              secure_fw/CMakeFiles/tfm_s.dir/__/platform/ext/target/nordic_nrf/common/core/startup_nrf91.o (SPU_IRQHandler)
secure_fw/spm/libtfm_spm.a(target_cfg.o)
                              secure_fw/spm/libtfm_spm.a(tfm_hal_isolation.o) (tfm_peripheral_uarte1)
secure_fw/spm/libtfm_spm.a(tfm_boot_data.o)
                              secure_fw/spm/libtfm_spm.a(main.o) (tfm_core_validate_boot_data)
secure_fw/spm/libtfm_spm.a(tfm_arch.o)
[...]
Memory Configuration

Name             Origin             Length             Attributes
FLASH            0x0000000000000000 0x0000000000010000 xr
RAM              0x0000000020000000 0x0000000000008000 rw
*default*        0x0000000000000000 0xffffffffffffffff

Linker script and memory map

LOAD /home/abdullah/ncs/toolchains/b77d8c1312/opt/zephyr-sdk/arm-zephyr-eabi/bin/../lib/gcc/arm-zephyr-eabi/12.2.0/thumb/v8-m.main/nofp/crti.o
LOAD /home/abdullah/ncs/toolchains/b77d8c1312/opt/zephyr-sdk/arm-zephyr-eabi/bin/../lib/gcc/arm-zephyr-eabi/12.2.0/thumb/v8-m.main/nofp/crtbegin.o
LOAD /home/abdullah/ncs/toolchains/b77d8c1312/opt/zephyr-sdk/arm-zephyr-eabi/bin/../lib/gcc/arm-zephyr-eabi/12.2.0/../../../../arm-zephyr-eabi/lib/thumb/v8-m.main/nofp/crt0.o
LOAD secure_fw/CMakeFiles/tfm_s.dir/partitions/ns_agent_tz/psa_api_veneers_v80m.o
LOAD secure_fw/CMakeFiles/tfm_s.dir/__/platform/ext/target/nordic_nrf/common/core/startup.o
LOAD secure_fw/CMakeFiles/tfm_s.dir/__/platform/ext/target/nordic_nrf/common/core/startup_nrf91.o
LOAD secure_fw/CMakeFiles/tfm_s.dir/__/platform/ext/common/faults.o
LOAD secure_fw/CMakeFiles/tfm_s.dir/__/generated/secure_fw/partitions/crypto/auto_generated/load_info_tfm_crypto.o
LOAD secure_fw/CMakeFiles/tfm_s.dir/__/generated/secure_fw/partitions/platform/auto_generated/load_info_tfm_platform.o
LOAD secure_fw/CMakeFiles/tfm_s.dir/partitions/ns_agent_tz/load_info_ns_agent_tz.o
LOAD secure_fw/CMakeFiles/tfm_s.dir/__/platform/ext/common/syscalls_stub.o
LOAD platform/libplatform_s.a
LOAD secure_fw/partitions/lib/runtime/libtfm_sprt.a
LOAD secure_fw/spm/libtfm_spm.a
LOAD secure_fw/partitions/crypto/libtfm_psa_rot_partition_crypto.a
LOAD platform/libplatform_crypto_keys.a
LOAD secure_fw/partitions/crypto/mbedcrypto/nrf_security_src/libcrypto_service_mbedcrypto.a
LOAD secure_fw/partitions/platform/libtfm_psa_rot_partition_platform.a
LOAD secure_fw/partitions/lib/runtime/libtfm_sp_log.a
LOAD secure_fw/partitions/crypto/mbedcrypto/nrf_security_src/libmbedcrypto_base.a
LOAD secure_fw/partitions/crypto/mbedcrypto/nrf_security_src/core/nrf_oberon/liboberon_psa_core.a
LOAD secure_fw/partitions/crypto/mbedcrypto/nrf_security_src/libnrf_security_utils.a
LOAD secure_fw/partitions/crypto/mbedcrypto/nrf_security_src/drivers/nrf_oberon/liboberon_psa_driver.a
LOAD /home/abdullah/ncs/v2.9.0/nrfxlib/crypto/nrf_oberon/lib/cortex-m33/soft-float/liboberon_mbedtls_3.0.15.a
LOAD platform/libplatform_s.a
LOAD secure_fw/partitions/lib/runtime/libtfm_sprt.a
LOAD secure_fw/spm/libtfm_spm.a
LOAD secure_fw/partitions/crypto/libtfm_psa_rot_partition_crypto.a
LOAD platform/libplatform_crypto_keys.a
LOAD secure_fw/partitions/crypto/mbedcrypto/nrf_security_src/libcrypto_service_mbedcrypto.a
LOAD secure_fw/partitions/platform/libtfm_psa_rot_partition_platform.a
LOAD secure_fw/partitions/lib/runtime/libtfm_sp_log.a
LOAD secure_fw/partitions/crypto/mbedcrypto/nrf_security_src/libmbedcrypto_base.a
LOAD secure_fw/partitions/crypto/mbedcrypto/nrf_security_src/core/nrf_oberon/liboberon_psa_core.a
LOAD secure_fw/partitions/crypto/mbedcrypto/nrf_security_src/libnrf_security_utils.a
LOAD secure_fw/partitions/crypto/mbedcrypto/nrf_security_src/drivers/nrf_oberon/liboberon_psa_driver.a
LOAD /home/abdullah/ncs/v2.9.0/nrfxlib/crypto/nrf_oberon/lib/cortex-m33/soft-float/liboberon_mbedtls_3.0.15.a
LOAD platform/libplatform_s.a
LOAD secure_fw/partitions/lib/runtime/libtfm_sprt.a
LOAD secure_fw/spm/libtfm_spm.a
LOAD secure_fw/partitions/crypto/libtfm_psa_rot_partition_crypto.a
LOAD platform/libplatform_crypto_keys.a
LOAD secure_fw/partitions/crypto/mbedcrypto/nrf_security_src/libcrypto_service_mbedcrypto.a
LOAD secure_fw/partitions/platform/libtfm_psa_rot_partition_platform.a
LOAD secure_fw/partitions/lib/runtime/libtfm_sp_log.a
LOAD secure_fw/partitions/crypto/mbedcrypto/nrf_security_src/libmbedcrypto_base.a
LOAD secure_fw/partitions/crypto/mbedcrypto/nrf_security_src/core/nrf_oberon/liboberon_psa_core.a
LOAD secure_fw/partitions/crypto/mbedcrypto/nrf_security_src/libnrf_security_utils.a
LOAD secure_fw/partitions/crypto/mbedcrypto/nrf_security_src/drivers/nrf_oberon/liboberon_psa_driver.a
LOAD /home/abdullah/ncs/v2.9.0/nrfxlib/crypto/nrf_oberon/lib/cortex-m33/soft-float/liboberon_mbedtls_3.0.15.a
LOAD /home/abdullah/ncs/v2.9.0/nrfxlib/crypto/nrf_cc310_platform/lib/cortex-m33/soft-float/no-interrupts/libnrf_cc310_platform_0.9.19.a
LOAD /home/abdullah/ncs/toolchains/b77d8c1312/opt/zephyr-sdk/arm-zephyr-eabi/bin/../lib/gcc/arm-zephyr-eabi/12.2.0/../../../../arm-zephyr-eabi/lib/thumb/v8-m.main/nofp/libc_nano.a
LOAD /home/abdullah/ncs/v2.9.0/nrfxlib/crypto/nrf_oberon/lib/cortex-m33/soft-float/liboberon_3.0.15.a
START GROUP
LOAD /home/abdullah/ncs/toolchains/b77d8c1312/opt/zephyr-sdk/arm-zephyr-eabi/bin/../lib/gcc/arm-zephyr-eabi/12.2.0/thumb/v8-m.main/nofp/libgcc.a
LOAD /home/abdullah/ncs/toolchains/b77d8c1312/opt/zephyr-sdk/arm-zephyr-eabi/bin/../lib/gcc/arm-zephyr-eabi/12.2.0/../../../../arm-zephyr-eabi/lib/thumb/v8-m.main/nofp/libg_nano.a
LOAD /home/abdullah/ncs/toolchains/b77d8c1312/opt/zephyr-sdk/arm-zephyr-eabi/bin/../lib/gcc/arm-zephyr-eabi/12.2.0/../../../../arm-zephyr-eabi/lib/thumb/v8-m.main/nofp/libc_nano.a
END GROUP
START GROUP
LOAD /home/abdullah/ncs/toolchains/b77d8c1312/opt/zephyr-sdk/arm-zephyr-eabi/bin/../lib/gcc/arm-zephyr-eabi/12.2.0/thumb/v8-m.main/nofp/libgcc.a
LOAD /home/abdullah/ncs/toolchains/b77d8c1312/opt/zephyr-sdk/arm-zephyr-eabi/bin/../lib/gcc/arm-zephyr-eabi/12.2.0/../../../../arm-zephyr-eabi/lib/thumb/v8-m.main/nofp/libc_nano.a
LOAD /home/abdullah/ncs/toolchains/b77d8c1312/opt/zephyr-sdk/arm-zephyr-eabi/bin/../lib/gcc/arm-zephyr-eabi/12.2.0/../../../../arm-zephyr-eabi/lib/thumb/v8-m.main/nofp/libnosys.a
END GROUP
START GROUP
LOAD /home/abdullah/ncs/toolchains/b77d8c1312/opt/zephyr-sdk/arm-zephyr-eabi/bin/../lib/gcc/arm-zephyr-eabi/12.2.0/thumb/v8-m.main/nofp/libgcc.a
LOAD /home/abdullah/ncs/toolchains/b77d8c1312/opt/zephyr-sdk/arm-zephyr-eabi/bin/../lib/gcc/arm-zephyr-eabi/12.2.0/../../../../arm-zephyr-eabi/lib/thumb/v8-m.main/nofp/libc_nano.a
LOAD /home/abdullah/ncs/toolchains/b77d8c1312/opt/zephyr-sdk/arm-zephyr-eabi/bin/../lib/gcc/arm-zephyr-eabi/12.2.0/../../../../arm-zephyr-eabi/lib/thumb/v8-m.main/nofp/libnosys.a
END GROUP
LOAD /home/abdullah/ncs/toolchains/b77d8c1312/opt/zephyr-sdk/arm-zephyr-eabi/bin/../lib/gcc/arm-zephyr-eabi/12.2.0/thumb/v8-m.main/nofp/crtend.o
LOAD /home/abdullah/ncs/toolchains/b77d8c1312/opt/zephyr-sdk/arm-zephyr-eabi/bin/../lib/gcc/arm-zephyr-eabi/12.2.0/thumb/v8-m.main/nofp/crtn.o
                0x0000000000000800                __msp_stack_size__ = 0x800
                0x0000000000000000                Image$$PT_RO_START$$Base = ADDR (.TFM_VECTORS)

.TFM_VECTORS    0x0000000000000000      0x144
                0x0000000000000000                __vectors_start__ = .
 *(.vectors)
 .vectors       0x0000000000000000      0x144 secure_fw/CMakeFiles/tfm_s.dir/__/platform/ext/target/nordic_nrf/common/core/startup_nrf91.o
                0x0000000000000000                __Vectors
                0x0000000000000144                . = ALIGN (0x4)
                0x0000000000000144                __vectors_end__ = .
                0x0000000000000001                ASSERT ((__vectors_start__ != __vectors_end__), .vectors should not be empty)
                0x0000000000000001                ASSERT ((. <= (ADDR (.TFM_VECTORS) + 0x144)), .TFM_VECTORS section size overflow.)
                0x0000000000000144                . = (ADDR (.TFM_VECTORS) + 0x144)

.TFM_SP_LOAD_LIST
                0x0000000000000144       0xd4
 *(.part_load_priority_00)
 .part_load_priority_00
                0x0000000000000144       0x38 secure_fw/CMakeFiles/tfm_s.dir/partitions/ns_agent_tz/load_info_ns_agent_tz.o
                0x0000000000000144                tfm_sp_ns_agent_tz_load
 *(.part_load_priority_01)
 *(.part_load_priority_02)
 .part_load_priority_02
                0x000000000000017c       0x50 secure_fw/CMakeFiles/tfm_s.dir/__/generated/secure_fw/partitions/crypto/auto_generated/load_info_tfm_crypto.o
                0x000000000000017c                tfm_sp_crypto_load
 .part_load_priority_02
                0x00000000000001cc       0x4c secure_fw/CMakeFiles/tfm_s.dir/__/generated/secure_fw/partitions/platform/auto_generated/load_info_tfm_platform.o
                0x00000000000001cc                tfm_sp_platform_load
 *(.part_load_priority_03)
                0x0000000000000144                Image$$TFM_SP_LOAD_LIST$$RO$$Base = ADDR (.TFM_SP_LOAD_LIST)
                0x0000000000000218                Image$$TFM_SP_LOAD_LIST$$RO$$Limit = (ADDR (.TFM_SP_LOAD_LIST) + SIZEOF (.TFM_SP_LOAD_LIST))
                0x0000000000000220                . = ALIGN (0x20)
                0x0000000000000220                Image$$TFM_PSA_CODE_START$$Base = .

.TFM_PSA_ROT_LINKER
                0x0000000000000220      0x660
 *tfm_psa_rot_partition*:(SORT_BY_ALIGNMENT(.text*))
 .text.tfm_crypto_init
                0x0000000000000220       0x38 secure_fw/partitions/crypto/libtfm_psa_rot_partition_crypto.a(crypto_init.o)
                0x0000000000000220                tfm_crypto_init
 .text.tfm_crypto_api_dispatcher
                0x0000000000000258       0xc4 secure_fw/partitions/crypto/libtfm_psa_rot_partition_crypto.a(crypto_init.o)
                0x0000000000000258                tfm_crypto_api_dispatcher
 .text.tfm_crypto_sfn
                0x000000000000031c      0x1f4 secure_fw/partitions/crypto/libtfm_psa_rot_partition_crypto.a(crypto_init.o)
                0x000000000000031c                tfm_crypto_sfn
 .text.tfm_crypto_init_alloc
                0x0000000000000510       0x18 secure_fw/partitions/crypto/libtfm_psa_rot_partition_crypto.a(crypto_alloc.o)
                0x0000000000000510                tfm_crypto_init_alloc
 .text.tfm_crypto_cipher_interface
                0x0000000000000528        0x8 secure_fw/partitions/crypto/libtfm_psa_rot_partition_crypto.a(crypto_cipher.o)
                0x0000000000000528                tfm_crypto_cipher_interface
 .text.tfm_crypto_hash_interface
                0x0000000000000530        0x8 secure_fw/partitions/crypto/libtfm_psa_rot_partition_crypto.a(crypto_hash.o)
                0x0000000000000530                tfm_crypto_hash_interface
 .text.tfm_crypto_mac_interface
                0x0000000000000538        0x8 secure_fw/partitions/crypto/libtfm_psa_rot_partition_crypto.a(crypto_mac.o)
                0x0000000000000538                tfm_crypto_mac_interface
 .text.tfm_crypto_aead_interface
                0x0000000000000540        0x8 secure_fw/partitions/crypto/libtfm_psa_rot_partition_crypto.a(crypto_aead.o)
                0x0000000000000540                tfm_crypto_aead_interface
 .text.tfm_crypto_asymmetric_sign_interface
                0x0000000000000548        0x8 secure_fw/partitions/crypto/libtfm_psa_rot_partition_crypto.a(crypto_asymmetric.o)
                0x0000000000000548                tfm_crypto_asymmetric_sign_interface
 .text.tfm_crypto_asymmetric_encrypt_interface
                0x0000000000000550        0x8 secure_fw/partitions/crypto/libtfm_psa_rot_partition_crypto.a(crypto_asymmetric.o)
                0x0000000000000550                tfm_crypto_asymmetric_encrypt_interface
 .text.tfm_crypto_key_derivation_interface
                0x0000000000000558        0x8 secure_fw/partitions/crypto/libtfm_psa_rot_partition_crypto.a(crypto_key_derivation.o)
                0x0000000000000558                tfm_crypto_key_derivation_interface
 .text.tfm_crypto_key_management_interface
                0x0000000000000560        0x8 secure_fw/partitions/crypto/libtfm_psa_rot_partition_crypto.a(crypto_key_management.o)
                0x0000000000000560                tfm_crypto_key_management_interface
 .text.tfm_crypto_random_interface
                0x0000000000000568        0x8 secure_fw/partitions/crypto/libtfm_psa_rot_partition_crypto.a(crypto_rng.o)
                0x0000000000000568                tfm_crypto_random_interface
 .text.tfm_crypto_library_get_info
                0x0000000000000570       0x1c secure_fw/partitions/crypto/libtfm_psa_rot_partition_crypto.a(crypto_library.o)
                0x0000000000000570                tfm_crypto_library_get_info
 .text.tfm_crypto_core_library_init
                0x000000000000058c       0x1c secure_fw/partitions/crypto/libtfm_psa_rot_partition_crypto.a(crypto_library.o)
                0x000000000000058c                tfm_crypto_core_library_init
 .text.tfm_crypto_pake_interface
                0x00000000000005a8        0x8 secure_fw/partitions/crypto/libtfm_psa_rot_partition_crypto.a(crypto_pake.o)
                0x00000000000005a8                tfm_crypto_pake_interface
 .text.platform_sp_system_reset
                0x00000000000005b0        0xe secure_fw/partitions/platform/libtfm_psa_rot_partition_platform.a(platform_sp.o)
                0x00000000000005b0                platform_sp_system_reset
 .text.platform_sp_system_reset_psa_api
                0x00000000000005be       0x16 secure_fw/partitions/platform/libtfm_psa_rot_partition_platform.a(platform_sp.o)
 .text.platform_sp_ioctl_psa_api
                0x00000000000005d4      0x1bc secure_fw/partitions/platform/libtfm_psa_rot_partition_platform.a(platform_sp.o)
 .text.tfm_platform_service_sfn
                0x0000000000000790       0x3c secure_fw/partitions/platform/libtfm_psa_rot_partition_platform.a(platform_sp.o)
                0x0000000000000790                tfm_platform_service_sfn
 .text.platform_sp_init
                0x00000000000007cc        0xe secure_fw/partitions/platform/libtfm_psa_rot_partition_platform.a(platform_sp.o)
                0x00000000000007cc                platform_sp_init
 *tfm_psa_rot_partition*:(SORT_BY_ALIGNMENT(.rodata*))
 *fill*         0x00000000000007da        0x2 
 .rodata.tfm_crypto_init.str1.4
                0x00000000000007dc       0x63 secure_fw/partitions/crypto/libtfm_psa_rot_partition_crypto.a(crypto_init.o)
 *fill*         0x000000000000083f        0x1 
 .rodata.tfm_crypto_api_dispatcher.str1.4
                0x0000000000000840       0x25 secure_fw/partitions/crypto/libtfm_psa_rot_partition_crypto.a(crypto_init.o)
 *fill*         0x0000000000000865        0x3 
 .rodata.tfm_crypto_library_get_info.str1.4
                0x0000000000000868        0xf secure_fw/partitions/crypto/libtfm_psa_rot_partition_crypto.a(crypto_library.o)
 *(TFM_*_PSA-ROT_ATTR_FN)
                0x0000000000000880                . = ALIGN (0x20)
 *fill*         0x0000000000000877        0x9 
                0x0000000000000220                Image$$TFM_PSA_ROT_LINKER$$RO$$Base = ADDR (.TFM_PSA_ROT_LINKER)
                0x0000000000000880                Image$$TFM_PSA_ROT_LINKER$$RO$$Limit = (ADDR (.TFM_PSA_ROT_LINKER) + SIZEOF (.TFM_PSA_ROT_LINKER))
                0x0000000000000220                Image$$TFM_PSA_ROT_LINKER$$Base = ADDR (.TFM_PSA_ROT_LINKER)
                0x0000000000000880                Image$$TFM_PSA_ROT_LINKER$$Limit = (ADDR (.TFM_PSA_ROT_LINKER) + SIZEOF (.TFM_PSA_ROT_LINKER))
                0x0000000000000880                Image$$TFM_PSA_CODE_END$$Base = .
                0x0000000000000880                Image$$TFM_APP_CODE_START$$Base = .

.TFM_APP_ROT_LINKER
                0x0000000000000880        0x0
 *tfm_app_rot_partition*:(SORT_BY_ALIGNMENT(.text*))
 *tfm_app_rot_partition*:(SORT_BY_ALIGNMENT(.rodata*))
 *(TFM_*_APP-ROT_ATTR_FN)
                0x0000000000000880                . = ALIGN (0x20)
                0x0000000000000880                Image$$TFM_APP_ROT_LINKER$$RO$$Base = ADDR (.TFM_APP_ROT_LINKER)
                0x0000000000000880                Image$$TFM_APP_ROT_LINKER$$RO$$Limit = (ADDR (.TFM_APP_ROT_LINKER) + SIZEOF (.TFM_APP_ROT_LINKER))
                0x0000000000000880                Image$$TFM_APP_ROT_LINKER$$Base = ADDR (.TFM_APP_ROT_LINKER)
                0x0000000000000880                Image$$TFM_APP_ROT_LINKER$$Limit = (ADDR (.TFM_APP_ROT_LINKER) + SIZEOF (.TFM_APP_ROT_LINKER))
                0x0000000000000880                Image$$TFM_APP_CODE_END$$Base = .

.ARM.extab
 *(.ARM.extab* .gnu.linkonce.armextab.*)
                0x0000000000000880                __exidx_start = .

.ARM.exidx      0x0000000000000880        0x8
 *(.ARM.exidx* .gnu.linkonce.armexidx.*)
 .ARM.exidx     0x0000000000000880        0x8 /home/abdullah/ncs/toolchains/b77d8c1312/opt/zephyr-sdk/arm-zephyr-eabi/bin/../lib/gcc/arm-zephyr-eabi/12.2.0/../../../../arm-zephyr-eabi/lib/thumb/v8-m.main/nofp/crt0.o
                                         0x10 (size before relaxing)
                0x0000000000000888                __exidx_end = .

.ER_TFM_CODE    0x0000000000000888     0x7a1b
                0x0000000000000888                . = ALIGN (0x4)
                0x0000000000000888                PROVIDE (__preinit_array_start = .)
 *(.preinit_array)
                0x0000000000000888                PROVIDE (__preinit_array_end = .)
                0x0000000000000888                . = ALIGN (0x4)
                0x0000000000000888                PROVIDE (__init_array_start = .)
 *(SORT_BY_NAME(.init_array.*))
 *(.init_array)
 .init_array    0x0000000000000888        0x4 /home/abdullah/ncs/toolchains/b77d8c1312/opt/zephyr-sdk/arm-zephyr-eabi/bin/../lib/gcc/arm-zephyr-eabi/12.2.0/thumb/v8-m.main/nofp/crtbegin.o
                0x000000000000088c                PROVIDE (__init_array_end = .)
                0x000000000000088c                . = ALIGN (0x4)
                [!provide]                        PROVIDE (__fini_array_start = .)
 *(SORT_BY_NAME(.fini_array.*))
 *(.fini_array)
 .fini_array    0x000000000000088c        0x4 /home/abdullah/ncs/toolchains/b77d8c1312/opt/zephyr-sdk/arm-zephyr-eabi/bin/../lib/gcc/arm-zephyr-eabi/12.2.0/thumb/v8-m.main/nofp/crtbegin.o
                [!provide]                        PROVIDE (__fini_array_end = .)
                0x0000000000000890                . = ALIGN (0x4)
                0x0000000000000890                __copy_table_start__ = .
                0x0000000000000890        0x4 LONG 0xfc40 LOADADDR (.TFM_DATA)
                0x0000000000000894        0x4 LONG 0x200026a0 ADDR (.TFM_DATA)
                0x0000000000000898        0x4 LONG 0x4d (SIZEOF (.TFM_DATA) / 0x4)
                0x000000000000089c        0x4 LONG 0xfc40 LOADADDR (.TFM_PSA_ROT_LINKER_DATA)
                0x00000000000008a0        0x4 LONG 0x20001c20 ADDR (.TFM_PSA_ROT_LINKER_DATA)
                0x00000000000008a4        0x4 LONG 0x0 (SIZEOF (.TFM_PSA_ROT_LINKER_DATA) / 0x4)
                0x00000000000008a8        0x4 LONG 0xfc40 LOADADDR (.TFM_APP_ROT_LINKER_DATA)
                0x00000000000008ac        0x4 LONG 0x20001c00 ADDR (.TFM_APP_ROT_LINKER_DATA)
                0x00000000000008b0        0x4 LONG 0x0 (SIZEOF (.TFM_APP_ROT_LINKER_DATA) / 0x4)
                0x00000000000008b4                __copy_table_end__ = .
                0x00000000000008b4                . = ALIGN (0x4)
                0x00000000000008b4                __zero_table_start__ = .
                0x00000000000008b4        0x4 LONG 0x200027d4 ADDR (.TFM_BSS)
                0x00000000000008b8        0x4 LONG 0x5c4 (SIZEOF (.TFM_BSS) / 0x4)
                0x00000000000008bc        0x4 LONG 0x20001c20 ADDR (.TFM_PSA_ROT_LINKER_BSS)
                0x00000000000008c0        0x4 LONG 0x2a0 (SIZEOF (.TFM_PSA_ROT_LINKER_BSS) / 0x4)
                0x00000000000008c4        0x4 LONG 0x20001c00 ADDR (.TFM_APP_ROT_LINKER_BSS)
                0x00000000000008c8        0x4 LONG 0x8 (SIZEOF (.TFM_APP_ROT_LINKER_BSS) / 0x4)
                0x00000000000008cc                __zero_table_end__ = .
 *startup*(.text*)
 .text.default_irq_handler
                0x00000000000008cc        0xc secure_fw/CMakeFiles/tfm_s.dir/__/platform/ext/target/nordic_nrf/common/core/startup.o
                0x00000000000008cc                default_irq_handler
 .text.Reset_Handler
                0x00000000000008d8       0xf4 secure_fw/CMakeFiles/tfm_s.dir/__/platform/ext/target/nordic_nrf/common/core/startup.o
                0x00000000000008d8                Reset_Handler
 .text.default_tfm_IRQHandler
                0x00000000000009cc       0x1e secure_fw/CMakeFiles/tfm_s.dir/__/platform/ext/target/nordic_nrf/common/core/startup_nrf91.o
                0x00000000000009cc                TIMER2_IRQHandler
                0x00000000000009cc                DebugMon_Handler
                0x00000000000009cc                RTC0_IRQHandler
                0x00000000000009cc                SysTick_Handler
                0x00000000000009cc                PWM1_IRQHandler
                0x00000000000009cc                PendSV_Handler
                0x00000000000009cc                NMI_Handler
                0x00000000000009cc                PDM_IRQHandler
                0x00000000000009cc                default_tfm_IRQHandler
                0x00000000000009cc                IPC_IRQHandler
                0x00000000000009cc                PWM3_IRQHandler
                0x00000000000009cc                FPU_IRQHandler
                0x00000000000009cc                EGU3_IRQHandler
                0x00000000000009cc                KMU_IRQHandler
                0x00000000000009cc                CRYPTOCELL_IRQHandler
                0x00000000000009cc                I2S_IRQHandler
                0x00000000000009cc                EGU2_IRQHandler
                0x00000000000009cc                TIMER0_IRQHandler
                0x00000000000009cc                EGU4_IRQHandler
                0x00000000000009cc                EGU0_IRQHandler
                0x00000000000009cc                GPIOTE1_IRQHandler
                0x00000000000009cc                TIMER1_IRQHandler
                0x00000000000009cc                PWM2_IRQHandler
                0x00000000000009cc                EGU1_IRQHandler
                0x00000000000009cc                EGU5_IRQHandler
                0x00000000000009cc                UARTE3_SPIM3_SPIS3_TWIM3_TWIS3_IRQHandler
                0x00000000000009cc                SAADC_IRQHandler
                0x00000000000009cc                GPIOTE0_IRQHandler
                0x00000000000009cc                WDT_IRQHandler
                0x00000000000009cc                SPIM0_SPIS0_TWIM0_TWIS0_UARTE0_IRQHandler
                0x00000000000009cc                SPIM2_SPIS2_TWIM2_TWIS2_UARTE2_IRQHandler
                0x00000000000009cc                PWM0_IRQHandler
                0x00000000000009cc                RTC1_IRQHandler
                0x00000000000009cc                SPIM1_SPIS1_TWIM1_TWIS1_UARTE1_IRQHandler
                0x00000000000009cc                CLOCK_POWER_IRQHandler
 *libplatform_s*:(SORT_BY_ALIGNMENT(.text*))
 *fill*         0x00000000000009ea        0x2 
 .text.__NVIC_SystemReset
                0x00000000000009ec       0x2c platform/libplatform_s.a(system_nrf91.o)
 .text.nrf91_errata_6
                0x0000000000000a18       0x50 platform/libplatform_s.a(system_nrf91.o)
 .text.nrf91_errata_7
                0x0000000000000a68       0x50 platform/libplatform_s.a(system_nrf91.o)
 .text.nrf91_errata_14
                0x0000000000000ab8       0x50 platform/libplatform_s.a(system_nrf91.o)
 .text.nrf91_errata_15
                0x0000000000000b08       0x50 platform/libplatform_s.a(system_nrf91.o)
 .text.nrf91_errata_20
                0x0000000000000b58       0x50 platform/libplatform_s.a(system_nrf91.o)
 .text.nrf91_errata_31
                0x0000000000000ba8       0x50 platform/libplatform_s.a(system_nrf91.o)
 .text.nrf91_errata_36
                0x0000000000000bf8       0x60 platform/libplatform_s.a(system_nrf91.o)
 .text.nrf91_handle_approtect
                0x0000000000000c58       0x54 platform/libplatform_s.a(system_nrf91.o)
 .text.SystemInit
                0x0000000000000cac      0x20c platform/libplatform_s.a(system_nrf91.o)
                0x0000000000000cac                SystemInit
 .text.uicr_HFXOCNT_erased
                0x0000000000000eb8       0x64 platform/libplatform_s.a(system_nrf91.o)
 .text.uicr_HFXOSRC_erased
                0x0000000000000f1c       0x78 platform/libplatform_s.a(system_nrf91.o)
 .text.dump_error
                0x0000000000000f94       0xd8 platform/libplatform_s.a(exception_info.o)
 .text.tfm_exception_info_get_context
                0x000000000000106c       0x20 platform/libplatform_s.a(exception_info.o)
                0x000000000000106c                tfm_exception_info_get_context
 .text.store_and_dump_context
                0x000000000000108c      0x100 platform/libplatform_s.a(exception_info.o)
                0x000000000000108c                store_and_dump_context
 .text.stdio_output_string
                0x000000000000118c       0x60 platform/libplatform_s.a(uart_stdout.o)
                0x000000000000118c                stdio_output_string
 .text.stdio_init
                0x00000000000011ec       0xbc platform/libplatform_s.a(uart_stdout.o)
                0x00000000000011ec                stdio_init
 .text.uart_config_set_uart_pins
                0x00000000000012a8       0x90 platform/libplatform_s.a(Driver_USART.o)
                0x00000000000012a8                uart_config_set_uart_pins
 .text.ARM_USART_GetVersion
                0x0000000000001338       0x28 platform/libplatform_s.a(Driver_USART.o)
 .text.ARM_USARTx_Initialize
                0x0000000000001360       0xa8 platform/libplatform_s.a(Driver_USART.o)
 .text.ARM_USARTx_Send
                0x0000000000001408       0xc8 platform/libplatform_s.a(Driver_USART.o)
 .text.ARM_USARTx_Receive
                0x00000000000014d0       0x64 platform/libplatform_s.a(Driver_USART.o)
 .text.ARM_USARTx_Control
                0x0000000000001534      0x2d8 platform/libplatform_s.a(Driver_USART.o)
 .text.ARM_USART1_Initialize
                0x000000000000180c       0x20 platform/libplatform_s.a(Driver_USART.o)
 .text.ARM_USART1_Uninitialize
                0x000000000000182c       0x14 platform/libplatform_s.a(Driver_USART.o)
 .text.ARM_USART1_PowerControl
                0x0000000000001840       0x24 platform/libplatform_s.a(Driver_USART.o)
 .text.ARM_USART1_Send
                0x0000000000001864       0x24 platform/libplatform_s.a(Driver_USART.o)
 .text.ARM_USART1_Receive
                0x0000000000001888       0x24 platform/libplatform_s.a(Driver_USART.o)
 .text.ARM_USART1_GetTxCount
                0x00000000000018ac       0x14 platform/libplatform_s.a(Driver_USART.o)
 .text.ARM_USART1_GetRxCount
                0x00000000000018c0       0x14 platform/libplatform_s.a(Driver_USART.o)
 .text.ARM_USART1_Control
                0x00000000000018d4       0x24 platform/libplatform_s.a(Driver_USART.o)
 .text.__NVIC_EnableIRQ
                0x00000000000018f8       0x38 platform/libplatform_s.a(nrfx_uarte.o)
 .text.__NVIC_DisableIRQ
                0x0000000000001930       0x48 platform/libplatform_s.a(nrfx_uarte.o)
 .text.__NVIC_SetPriority
                0x0000000000001978       0x54 platform/libplatform_s.a(nrfx_uarte.o)
 .text.nrfx_coredep_delay_us
                0x00000000000019cc       0x30 platform/libplatform_s.a(nrfx_uarte.o)
 .text.nrf_gpio_pin_port_decode
                0x00000000000019fc       0x8c platform/libplatform_s.a(nrfx_uarte.o)
 .text.nrf_gpio_cfg
                0x0000000000001a88       0x7c platform/libplatform_s.a(nrfx_uarte.o)
 .text.uarte_configure
                0x0000000000001b04      0x170 platform/libplatform_s.a(nrfx_uarte.o)
 .text.pins_to_default
                0x0000000000001c74       0xa8 platform/libplatform_s.a(nrfx_uarte.o)
 .text.nrfx_uarte_init
                0x0000000000001d1c      0x170 platform/libplatform_s.a(nrfx_uarte.o)
                0x0000000000001d1c                nrfx_uarte_init
 .text.nrfx_uarte_uninit
                0x0000000000001e8c       0xa4 platform/libplatform_s.a(nrfx_uarte.o)
                0x0000000000001e8c                nrfx_uarte_uninit
 .text.wait_for_endtx
                0x0000000000001f30       0x84 platform/libplatform_s.a(nrfx_uarte.o)
 .text.poll_out
                0x0000000000001fb4      0x168 platform/libplatform_s.a(nrfx_uarte.o)
 .text.blocking_tx
                0x000000000000211c       0xec platform/libplatform_s.a(nrfx_uarte.o)
 .text.nrfx_uarte_tx
                0x0000000000002208      0x1c8 platform/libplatform_s.a(nrfx_uarte.o)
                0x0000000000002208                nrfx_uarte_tx
 .text.nrfx_uarte_tx_abort
                0x00000000000023d0       0x9c platform/libplatform_s.a(nrfx_uarte.o)
                0x00000000000023d0                nrfx_uarte_tx_abort
 .text.on_rx_disabled
                0x000000000000246c       0x54 platform/libplatform_s.a(nrfx_uarte.o)
 .text.nrfx_uarte_rx_enable
                0x00000000000024c0      0x19c platform/libplatform_s.a(nrfx_uarte.o)
                0x00000000000024c0                nrfx_uarte_rx_enable
 .text.rx_buffer_set
                0x000000000000265c      0x10c platform/libplatform_s.a(nrfx_uarte.o)
 .text.nrfx_uarte_rx_buffer_set
                0x0000000000002768      0x15c platform/libplatform_s.a(nrfx_uarte.o)
                0x0000000000002768                nrfx_uarte_rx_buffer_set
 .text.rx_abort
                0x00000000000028c4       0xe8 platform/libplatform_s.a(nrfx_uarte.o)
 .text.nrfx_uarte_rx_abort
                0x00000000000029ac       0xac platform/libplatform_s.a(nrfx_uarte.o)
                0x00000000000029ac                nrfx_uarte_rx_abort
 .text.nrfx_uarte_rx
                0x0000000000002a58      0x190 platform/libplatform_s.a(nrfx_uarte.o)
                0x0000000000002a58                nrfx_uarte_rx
 .text.nrfx_uarte_rx_ready
                0x0000000000002be8       0xdc platform/libplatform_s.a(nrfx_uarte.o)
                0x0000000000002be8                nrfx_uarte_rx_ready
 .text.nrfx_critical_section_enter
                0x0000000000002cc4       0x20 platform/libplatform_s.a(nrfx_glue.o)
                0x0000000000002cc4                nrfx_critical_section_enter
 .text.nrfx_critical_section_exit
                0x0000000000002ce4       0x54 platform/libplatform_s.a(nrfx_glue.o)
                0x0000000000002ce4                nrfx_critical_section_exit
 .text.mpu_armv8m_enable
                0x0000000000002d38       0x60 platform/libplatform_s.a(mpu_armv8m_drv.o)
                0x0000000000002d38                mpu_armv8m_enable
 .text.nrf_spu_flashnsc_set
                0x0000000000002d98       0xcc platform/libplatform_s.a(spu.o)
 .text.nrf_spu_flashregion_set
                0x0000000000002e64       0x84 platform/libplatform_s.a(spu.o)
 .text.nrf_spu_ramregion_set
                0x0000000000002ee8       0x84 platform/libplatform_s.a(spu.o)
 .text.nrf_spu_peripheral_set
                0x0000000000002f6c       0xc4 platform/libplatform_s.a(spu.o)
 .text.spu_enable_interrupts
                0x0000000000003030       0x54 platform/libplatform_s.a(spu.o)
                0x0000000000003030                spu_enable_interrupts
 .text.spu_events_get
                0x0000000000003084       0x8c platform/libplatform_s.a(spu.o)
                0x0000000000003084                spu_events_get
 .text.spu_clear_events
                0x0000000000003110       0x5c platform/libplatform_s.a(spu.o)
                0x0000000000003110                spu_clear_events
 .text.spu_regions_reset_unlocked_secure
                0x000000000000316c       0x74 platform/libplatform_s.a(spu.o)
                0x000000000000316c                spu_regions_reset_unlocked_secure
 .text.spu_regions_flash_config
                0x00000000000031e0       0x54 platform/libplatform_s.a(spu.o)
                0x00000000000031e0                spu_regions_flash_config
 .text.spu_regions_sram_config
                0x0000000000003234       0x5c platform/libplatform_s.a(spu.o)
                0x0000000000003234                spu_regions_sram_config
 .text.spu_regions_flash_config_non_secure_callable
                0x0000000000003290       0xfc platform/libplatform_s.a(spu.o)
                0x0000000000003290                spu_regions_flash_config_non_secure_callable
 .text.spu_peripheral_config_secure
                0x000000000000338c       0x6c platform/libplatform_s.a(spu.o)
                0x000000000000338c                spu_peripheral_config_secure
 .text.spu_peripheral_config_non_secure
                0x00000000000033f8       0x6c platform/libplatform_s.a(spu.o)
                0x00000000000033f8                spu_peripheral_config_non_secure
 .text.dump_exception_info
                0x0000000000003464       0x1c platform/libplatform_s.a(nrf_exception_info.o)
 .text.nrf_exception_info_store_context
                0x0000000000003480       0x1c platform/libplatform_s.a(nrf_exception_info.o)
                0x0000000000003480                nrf_exception_info_store_context
 .text.nrf_exception_info_get_context
                0x000000000000349c       0x20 platform/libplatform_s.a(nrf_exception_info.o)
                0x000000000000349c                nrf_exception_info_get_context
 .text.allow_nonsecure_reset
                0x00000000000034bc       0x3c platform/libplatform_s.a(tfm_hal_platform.o)
 .text.log_pin_security_configuration
                0x00000000000034f8       0x14 platform/libplatform_s.a(tfm_hal_platform.o)
 .text.ns_fault_service_set_handler
                0x000000000000350c       0x2c platform/libplatform_s.a(ns_fault_service.o)
                0x000000000000350c                ns_fault_service_set_handler
 .text.call_ns_callback
                0x0000000000003538      0x164 platform/libplatform_s.a(ns_fault_service.o)
                0x0000000000003538                call_ns_callback
 .text.ns_fault_service_call_handler
                0x000000000000369c       0x68 platform/libplatform_s.a(ns_fault_service.o)
                0x000000000000369c                ns_fault_service_call_handler
 .text.__NVIC_SystemReset
                0x0000000000003704       0x2c platform/libplatform_s.a(tfm_platform_system.o)
 .text.tfm_platform_hal_read_service
                0x0000000000003730      0x170 platform/libplatform_s.a(tfm_platform_hal_ioctl.o)
                0x0000000000003730                tfm_platform_hal_read_service
 .text.tfm_platform_hal_write32_service
                0x00000000000038a0      0x138 platform/libplatform_s.a(tfm_platform_hal_ioctl.o)
                0x00000000000038a0                tfm_platform_hal_write32_service
 .text.is_empty_word
                0x00000000000039d8       0x2c platform/libplatform_s.a(system_nrf91.o)
 .text.is_return_secure_stack
                0x0000000000003a04       0x24 platform/libplatform_s.a(exception_info.o)
 .text.is_return_thread_mode
                0x0000000000003a28       0x22 platform/libplatform_s.a(exception_info.o)
 .text.is_return_psp
                0x0000000000003a4a       0x74 platform/libplatform_s.a(exception_info.o)
 .text.get_exception_frame
                0x0000000000003abe       0x50 platform/libplatform_s.a(exception_info.o)
 .text.dump_exception_info
                0x0000000000003b0e       0x28 platform/libplatform_s.a(exception_info.o)
 .text.tfm_hal_output_spm_log
                0x0000000000003b36       0x1c platform/libplatform_s.a(tfm_hal_spm_logdev_peripheral.o)
                0x0000000000003b36                tfm_hal_output_spm_log
 .text.nrfx_is_in_ram
                0x0000000000003b52       0x24 platform/libplatform_s.a(Driver_USART.o)
 .text.nrf_uarte_configure
                0x0000000000003b76       0x30 platform/libplatform_s.a(Driver_USART.o)
 .text.nrf_uarte_baudrate_set
                0x0000000000003ba6       0x1c platform/libplatform_s.a(Driver_USART.o)
 .text.ARM_USART_GetCapabilities
                0x0000000000003bc2       0x12 platform/libplatform_s.a(Driver_USART.o)
 .text.ARM_USARTx_Uninitialize
                0x0000000000003bd4       0x22 platform/libplatform_s.a(Driver_USART.o)
 .text.ARM_USARTx_PowerControl
                0x0000000000003bf6       0x24 platform/libplatform_s.a(Driver_USART.o)
 .text.ARM_USART_Transfer
                0x0000000000003c1a       0x1a platform/libplatform_s.a(Driver_USART.o)
 .text.ARM_USARTx_GetTxCount
                0x0000000000003c34       0x16 platform/libplatform_s.a(Driver_USART.o)
 .text.ARM_USARTx_GetRxCount
                0x0000000000003c4a       0x16 platform/libplatform_s.a(Driver_USART.o)
 .text.ARM_USART_GetStatus
                0x0000000000003c60       0x16 platform/libplatform_s.a(Driver_USART.o)
 .text.ARM_USART_SetModemControl
                0x0000000000003c76       0x18 platform/libplatform_s.a(Driver_USART.o)
 .text.ARM_USART_GetModemStatus
                0x0000000000003c8e       0x16 platform/libplatform_s.a(Driver_USART.o)
 .text.nrfx_get_irq_number
                0x0000000000003ca4       0x18 platform/libplatform_s.a(nrfx_uarte.o)
 .text.nrf_event_readback
                0x0000000000003cbc       0x16 platform/libplatform_s.a(nrfx_uarte.o)
 .text.nrf_barrier_w
                0x0000000000003cd2        0xc platform/libplatform_s.a(nrfx_uarte.o)
 .text.nrf_barrier_r
                0x0000000000003cde        0xc platform/libplatform_s.a(nrfx_uarte.o)
 .text.nrf_barrier_rw
                0x0000000000003cea        0xc platform/libplatform_s.a(nrfx_uarte.o)
 .text.nrf_dma_accessible_check
                0x0000000000003cf6       0x26 platform/libplatform_s.a(nrfx_uarte.o)
 .text.nrf_event_check
                0x0000000000003d1c       0x26 platform/libplatform_s.a(nrfx_uarte.o)
 .text.nrf_uarte_event_clear
                0x0000000000003d42       0x2a platform/libplatform_s.a(nrfx_uarte.o)
 .text.nrf_uarte_event_check
                0x0000000000003d6c       0x20 platform/libplatform_s.a(nrfx_uarte.o)
 .text.nrf_uarte_shorts_get
                0x0000000000003d8c       0x1e platform/libplatform_s.a(nrfx_uarte.o)
 .text.nrf_uarte_shorts_enable
                0x0000000000003daa       0x24 platform/libplatform_s.a(nrfx_uarte.o)
 .text.nrf_uarte_shorts_disable
                0x0000000000003dce       0x26 platform/libplatform_s.a(nrfx_uarte.o)
 .text.nrf_uarte_int_enable
                0x0000000000003df4       0x1c platform/libplatform_s.a(nrfx_uarte.o)
 .text.nrf_uarte_int_enable_check
                0x0000000000003e10       0x1e platform/libplatform_s.a(nrfx_uarte.o)
 .text.nrf_uarte_int_disable
                0x0000000000003e2e       0x1c platform/libplatform_s.a(nrfx_uarte.o)
 .text.nrf_uarte_errorsrc_get
                0x0000000000003e4a       0x18 platform/libplatform_s.a(nrfx_uarte.o)
 .text.nrf_uarte_errorsrc_clear
                0x0000000000003e62       0x1c platform/libplatform_s.a(nrfx_uarte.o)
 .text.nrf_uarte_enable
                0x0000000000003e7e       0x1a platform/libplatform_s.a(nrfx_uarte.o)
 .text.nrf_uarte_disable
                0x0000000000003e98       0x1a platform/libplatform_s.a(nrfx_uarte.o)
 .text.nrf_uarte_enable_check
                0x0000000000003eb2       0x22 platform/libplatform_s.a(nrfx_uarte.o)
 .text.nrf_uarte_txrx_pins_set
                0x0000000000003ed4       0x26 platform/libplatform_s.a(nrfx_uarte.o)
 .text.nrf_uarte_txrx_pins_disconnect
                0x0000000000003efa       0x1e platform/libplatform_s.a(nrfx_uarte.o)
 .text.nrf_uarte_tx_pin_get
                0x0000000000003f18       0x18 platform/libplatform_s.a(nrfx_uarte.o)
 .text.nrf_uarte_rx_pin_get
                0x0000000000003f30       0x18 platform/libplatform_s.a(nrfx_uarte.o)
 .text.nrf_uarte_rts_pin_get
                0x0000000000003f48       0x18 platform/libplatform_s.a(nrfx_uarte.o)
 .text.nrf_uarte_cts_pin_get
                0x0000000000003f60       0x18 platform/libplatform_s.a(nrfx_uarte.o)
 .text.nrf_uarte_hwfc_pins_set
                0x0000000000003f78       0x26 platform/libplatform_s.a(nrfx_uarte.o)
 .text.nrf_uarte_hwfc_pins_disconnect
                0x0000000000003f9e       0x1e platform/libplatform_s.a(nrfx_uarte.o)
 .text.nrf_uarte_task_trigger
                0x0000000000003fbc       0x20 platform/libplatform_s.a(nrfx_uarte.o)
 .text.nrf_uarte_configure
                0x0000000000003fdc       0x30 platform/libplatform_s.a(nrfx_uarte.o)
 .text.nrf_uarte_baudrate_set
                0x000000000000400c       0x1c platform/libplatform_s.a(nrfx_uarte.o)
 .text.nrf_uarte_tx_buffer_set
                0x0000000000004028       0x26 platform/libplatform_s.a(nrfx_uarte.o)
 .text.nrf_uarte_tx_buffer_get
                0x000000000000404e       0x18 platform/libplatform_s.a(nrfx_uarte.o)
 .text.nrf_uarte_tx_amount_get
                0x0000000000004066       0x18 platform/libplatform_s.a(nrfx_uarte.o)
 .text.nrf_uarte_rx_buffer_set
                0x000000000000407e       0x26 platform/libplatform_s.a(nrfx_uarte.o)
 .text.nrf_uarte_rx_amount_get
                0x00000000000040a4       0x18 platform/libplatform_s.a(nrfx_uarte.o)
 .text.nrfy_uarte_periph_configure
                0x00000000000040bc       0x72 platform/libplatform_s.a(nrfx_uarte.o)
 .text.nrfy_uarte_int_init
                0x000000000000412e       0xda platform/libplatform_s.a(nrfx_uarte.o)
 .text.nrfy_uarte_int_uninit
                0x0000000000004208       0x22 platform/libplatform_s.a(nrfx_uarte.o)
 .text.nrfy_uarte_pins_get
                0x000000000000422a       0x4a platform/libplatform_s.a(nrfx_uarte.o)
 .text.nrfy_uarte_pins_disconnect
                0x0000000000004274       0x20 platform/libplatform_s.a(nrfx_uarte.o)
 .text.nrfy_uarte_event_clear
                0x0000000000004294       0x22 platform/libplatform_s.a(nrfx_uarte.o)
 .text.nrfy_uarte_event_check
                0x00000000000042b6       0x2c platform/libplatform_s.a(nrfx_uarte.o)
 .text.nrfy_uarte_shorts_get
                0x00000000000042e2       0x26 platform/libplatform_s.a(nrfx_uarte.o)
 .text.nrfy_uarte_shorts_enable
                0x0000000000004308       0x1e platform/libplatform_s.a(nrfx_uarte.o)
 .text.nrfy_uarte_shorts_disable
                0x0000000000004326       0x1e platform/libplatform_s.a(nrfx_uarte.o)
 .text.nrfy_uarte_int_enable
                0x0000000000004344       0x1e platform/libplatform_s.a(nrfx_uarte.o)
 .text.nrfy_uarte_int_enable_check
                0x0000000000004362       0x26 platform/libplatform_s.a(nrfx_uarte.o)
 .text.nrfy_uarte_int_disable
                0x0000000000004388       0x1e platform/libplatform_s.a(nrfx_uarte.o)
 .text.nrfy_uarte_errorsrc_get_and_clear
                0x00000000000043a6       0x2e platform/libplatform_s.a(nrfx_uarte.o)
 .text.nrfy_uarte_enable
                0x00000000000043d4       0x1a platform/libplatform_s.a(nrfx_uarte.o)
 .text.nrfy_uarte_disable
                0x00000000000043ee       0x1a platform/libplatform_s.a(nrfx_uarte.o)
 .text.nrfy_uarte_enable_check
                0x0000000000004408       0x24 platform/libplatform_s.a(nrfx_uarte.o)
 .text.nrfy_uarte_task_trigger
                0x000000000000442c       0x22 platform/libplatform_s.a(nrfx_uarte.o)
 .text.nrfy_uarte_tx_buffer_set
                0x000000000000444e       0x28 platform/libplatform_s.a(nrfx_uarte.o)
 .text.nrfy_uarte_tx_buffer_get
                0x0000000000004476       0x22 platform/libplatform_s.a(nrfx_uarte.o)
 .text.nrfy_uarte_tx_amount_get
                0x0000000000004498       0x22 platform/libplatform_s.a(nrfx_uarte.o)
 .text.nrfy_uarte_rx_buffer_set
                0x00000000000044ba       0x22 platform/libplatform_s.a(nrfx_uarte.o)
 .text.nrfy_uarte_rx_amount_get
                0x00000000000044dc       0x22 platform/libplatform_s.a(nrfx_uarte.o)
 .text.__nrfy_internal_uarte_event_enabled_clear
                0x00000000000044fe       0x34 platform/libplatform_s.a(nrfx_uarte.o)
 .text.nrf_gpio_cfg_output
                0x0000000000004532       0x24 platform/libplatform_s.a(nrfx_uarte.o)
 .text.nrf_gpio_cfg_input
                0x0000000000004556       0x28 platform/libplatform_s.a(nrfx_uarte.o)
 .text.nrf_gpio_cfg_default
                0x000000000000457e       0x24 platform/libplatform_s.a(nrfx_uarte.o)
 .text.nrf_gpio_pin_set
                0x00000000000045a2       0x2a platform/libplatform_s.a(nrfx_uarte.o)
 .text.nrf_gpio_port_out_set
                0x00000000000045cc       0x1a platform/libplatform_s.a(nrfx_uarte.o)
 .text.nrf_gpio_pin_present_check
                0x00000000000045e6       0x4a platform/libplatform_s.a(nrfx_uarte.o)
 .text.nrf_gpio_pin_port_number_extract
                0x0000000000004630       0x26 platform/libplatform_s.a(nrfx_uarte.o)
 .text.nrfy_gpio_cfg_output
                0x0000000000004656       0x1a platform/libplatform_s.a(nrfx_uarte.o)
 .text.nrfy_gpio_cfg_input
                0x0000000000004670       0x22 platform/libplatform_s.a(nrfx_uarte.o)
 .text.nrfy_gpio_cfg_default
                0x0000000000004692       0x1a platform/libplatform_s.a(nrfx_uarte.o)
 .text.nrfy_gpio_pin_set
                0x00000000000046ac       0x1a platform/libplatform_s.a(nrfx_uarte.o)
 .text.apply_workaround_for_enable_anomaly
                0x00000000000046c6       0x94 platform/libplatform_s.a(nrfx_uarte.o)
 .text.uarte_int_lock
                0x000000000000475a       0x26 platform/libplatform_s.a(nrfx_uarte.o)
 .text.uarte_int_unlock
                0x0000000000004780       0x1a platform/libplatform_s.a(nrfx_uarte.o)
 .text.is_tx_ready
                0x000000000000479a       0x4c platform/libplatform_s.a(nrfx_uarte.o)
 .text.prepare_rx
                0x00000000000047e6       0x98 platform/libplatform_s.a(nrfx_uarte.o)
 .text.prepare_tx
                0x000000000000487e       0x8c platform/libplatform_s.a(nrfx_uarte.o)
 .text.tx_start
                0x000000000000490a       0x5c platform/libplatform_s.a(nrfx_uarte.o)
 .text.is_rx_active
                0x0000000000004966       0x26 platform/libplatform_s.a(nrfx_uarte.o)
 .text.disable_hw_from_tx
                0x000000000000498c       0x3a platform/libplatform_s.a(nrfx_uarte.o)
 .text.block_on_tx
                0x00000000000049c6       0xb2 platform/libplatform_s.a(nrfx_uarte.o)
 .text.tx_prepare_start
                0x0000000000004a78       0xb8 platform/libplatform_s.a(nrfx_uarte.o)
 .text.user_handler
                0x0000000000004b30       0x36 platform/libplatform_s.a(nrfx_uarte.o)
 .text.user_handler_on_rx_disabled
                0x0000000000004b66       0x38 platform/libplatform_s.a(nrfx_uarte.o)
 .text.user_handler_on_rx_done
                0x0000000000004b9e       0x3e platform/libplatform_s.a(nrfx_uarte.o)
 .text.release_rx
                0x0000000000004bdc       0x2a platform/libplatform_s.a(nrfx_uarte.o)
 .text.is_tx_active
                0x0000000000004c06       0x42 platform/libplatform_s.a(nrfx_uarte.o)
 .text.disable_hw_from_rx
                0x0000000000004c48       0x30 platform/libplatform_s.a(nrfx_uarte.o)
 .text.handler_on_rx_done
                0x0000000000004c78       0xce platform/libplatform_s.a(nrfx_uarte.o)
 .text.rx_flushed_handler
                0x0000000000004d46       0xfc platform/libplatform_s.a(nrfx_uarte.o)
 .text.rx_flush
                0x0000000000004e42       0x9a platform/libplatform_s.a(nrfx_uarte.o)
 .text.wait_for_rx_completion
                0x0000000000004edc       0x68 platform/libplatform_s.a(nrfx_uarte.o)
 .text.mpu_armv8m_region_enable
                0x0000000000004f44       0xd8 platform/libplatform_s.a(mpu_armv8m_drv.o)
                0x0000000000004f44                mpu_armv8m_region_enable
 .text.mpu_armv8m_region_disable
                0x000000000000501c       0x46 platform/libplatform_s.a(mpu_armv8m_drv.o)
                0x000000000000501c                mpu_armv8m_region_disable
 .text.mpu_armv8m_clean
                0x0000000000005062       0x3e platform/libplatform_s.a(mpu_armv8m_drv.o)
                0x0000000000005062                mpu_armv8m_clean
 .text.nrf_event_readback
                0x00000000000050a0       0x16 platform/libplatform_s.a(spu.o)
 .text.nrf_event_check
                0x00000000000050b6       0x26 platform/libplatform_s.a(spu.o)
 .text.nrf_spu_event_clear
                0x00000000000050dc       0x2a platform/libplatform_s.a(spu.o)
 .text.nrf_spu_event_check
                0x0000000000005106       0x20 platform/libplatform_s.a(spu.o)
 .text.nrf_spu_int_enable
                0x0000000000005126       0x1c platform/libplatform_s.a(spu.o)
 .text.spu_region_is_bootloader_region
                0x0000000000005142       0x1c platform/libplatform_s.a(spu.o)
 .text.spu_regions_flash_get_base_address_in_region
                0x000000000000515e       0x16 platform/libplatform_s.a(spu.o)
                0x000000000000515e                spu_regions_flash_get_base_address_in_region
 .text.spu_regions_flash_get_last_address_in_region
                0x0000000000005174       0x1a platform/libplatform_s.a(spu.o)
                0x0000000000005174                spu_regions_flash_get_last_address_in_region
 .text.spu_regions_flash_get_start_id
                0x000000000000518e        0xe platform/libplatform_s.a(spu.o)
                0x000000000000518e                spu_regions_flash_get_start_id
 .text.spu_regions_flash_get_last_id
                0x000000000000519c        0xe platform/libplatform_s.a(spu.o)
                0x000000000000519c                spu_regions_flash_get_last_id
 .text.spu_regions_flash_get_region_size
                0x00000000000051aa       0x10 platform/libplatform_s.a(spu.o)
                0x00000000000051aa                spu_regions_flash_get_region_size
 .text.spu_regions_sram_get_base_address_in_region
                0x00000000000051ba       0x1c platform/libplatform_s.a(spu.o)
                0x00000000000051ba                spu_regions_sram_get_base_address_in_region
 .text.spu_regions_sram_get_last_address_in_region
                0x00000000000051d6       0x1e platform/libplatform_s.a(spu.o)
                0x00000000000051d6                spu_regions_sram_get_last_address_in_region
 .text.spu_regions_sram_get_start_id
                0x00000000000051f4        0xe platform/libplatform_s.a(spu.o)
                0x00000000000051f4                spu_regions_sram_get_start_id
 .text.spu_regions_sram_get_last_id
                0x0000000000005202        0xe platform/libplatform_s.a(spu.o)
                0x0000000000005202                spu_regions_sram_get_last_id
 .text.spu_regions_sram_get_region_size
                0x0000000000005210       0x10 platform/libplatform_s.a(spu.o)
                0x0000000000005210                spu_regions_sram_get_region_size
 .text.crypto_platform_init
                0x0000000000005220       0x26 platform/libplatform_s.a(tfm_hal_platform.o)
 .text.tfm_hal_platform_init
                0x0000000000005246       0x38 platform/libplatform_s.a(tfm_hal_platform.o)
                0x0000000000005246                tfm_hal_platform_init
 .text.tfm_plat_otp_init
                0x000000000000527e        0xe platform/libplatform_s.a(dummy_otp.o)
                0x000000000000527e                tfm_plat_otp_init
 .text.tfm_hal_system_halt
                0x000000000000528c       0x10 platform/libplatform_s.a(tfm_hal_reset_halt.o)
                0x000000000000528c                tfm_hal_system_halt
 .text.tfm_plat_provisioning_is_required
                0x000000000000529c        0xe platform/libplatform_s.a(dummy_provisioning.o)
                0x000000000000529c                tfm_plat_provisioning_is_required
 .text.tfm_plat_provisioning_perform
                0x00000000000052aa        0xe platform/libplatform_s.a(dummy_provisioning.o)
                0x00000000000052aa                tfm_plat_provisioning_perform
 .text.tfm_plat_provisioning_check_for_dummy_keys
                0x00000000000052b8        0xc platform/libplatform_s.a(dummy_provisioning.o)
                0x00000000000052b8                tfm_plat_provisioning_check_for_dummy_keys
 .text.is_return_secure_stack
                0x00000000000052c4       0x24 platform/libplatform_s.a(ns_fault_service.o)
 .text.tfm_platform_hal_system_reset
                0x00000000000052e8        0x8 platform/libplatform_s.a(tfm_platform_system.o)
                0x00000000000052e8                tfm_platform_hal_system_reset
 .text.tfm_platform_hal_ns_fault_service
                0x00000000000052f0       0xac platform/libplatform_s.a(tfm_platform_system.o)
 .text.tfm_platform_hal_ioctl
                0x000000000000539c       0x54 platform/libplatform_s.a(tfm_platform_system.o)
                0x000000000000539c                tfm_platform_hal_ioctl
 .text.nrf_nvmc_word_read
                0x00000000000053f0       0x16 platform/libplatform_s.a(tfm_platform_hal_ioctl.o)
 .text.nrfx_nvmc_uicr_word_read
                0x0000000000005406       0x54 platform/libplatform_s.a(tfm_platform_hal_ioctl.o)
 *libtfm_spm*:(SORT_BY_ALIGNMENT(.text*))
 *fill*         0x000000000000545a        0x2 
 .text.to_hex   0x000000000000545c       0x84 secure_fw/spm/libtfm_spm.a(spm_log.o)
 .text.tfm_core_init
                0x00000000000054e0       0x98 secure_fw/spm/libtfm_spm.a(main.o)
 .text.main     0x0000000000005578       0x3c secure_fw/spm/libtfm_spm.a(main.o)
                0x0000000000005578                main
 .text.tfm_spm_get_service_by_sid
                0x00000000000055b4       0x60 secure_fw/spm/libtfm_spm.a(spm_ipc.o)
                0x00000000000055b4                tfm_spm_get_service_by_sid
 .text.tfm_spm_check_client_version
                0x0000000000005614       0x88 secure_fw/spm/libtfm_spm.a(spm_ipc.o)
                0x0000000000005614                tfm_spm_check_client_version
 .text.tfm_spm_check_authorization
                0x000000000000569c       0xc0 secure_fw/spm/libtfm_spm.a(spm_ipc.o)
                0x000000000000569c                tfm_spm_check_authorization
 .text.spm_get_idle_connection
                0x000000000000575c      0x100 secure_fw/spm/libtfm_spm.a(spm_ipc.o)
                0x000000000000575c                spm_get_idle_connection
 .text.spm_init_idle_connection
                0x000000000000585c       0xa0 secure_fw/spm/libtfm_spm.a(spm_ipc.o)
                0x000000000000585c                spm_init_idle_connection
 .text.tfm_spm_partition_get_running_partition_id
                0x00000000000058fc       0x34 secure_fw/spm/libtfm_spm.a(spm_ipc.o)
                0x00000000000058fc                tfm_spm_partition_get_running_partition_id
 .text.tfm_spm_is_ns_caller
                0x0000000000005930       0x38 secure_fw/spm/libtfm_spm.a(spm_ipc.o)
                0x0000000000005930                tfm_spm_is_ns_caller
 .text.tfm_spm_init
                0x0000000000005968       0x84 secure_fw/spm/libtfm_spm.a(spm_ipc.o)
                0x0000000000005968                tfm_spm_init
 .text.update_caller_outvec_len
                0x00000000000059ec       0x98 secure_fw/spm/libtfm_spm.a(spm_ipc.o)
                0x00000000000059ec                update_caller_outvec_len
 .text.tfm_allocate_partition_assuredly
                0x0000000000005a84       0x38 secure_fw/spm/libtfm_spm.a(rom_loader.o)
 .text.tfm_allocate_service_assuredly
                0x0000000000005abc       0x50 secure_fw/spm/libtfm_spm.a(rom_loader.o)
 .text.load_a_partition_assuredly
                0x0000000000005b0c      0x1a8 secure_fw/spm/libtfm_spm.a(rom_loader.o)
                0x0000000000005b0c                load_a_partition_assuredly
 .text.spm_associate_call_params
                0x0000000000005cb4      0x2f0 secure_fw/spm/libtfm_spm.a(psa_call_api.o)
                0x0000000000005cb4                spm_associate_call_params
 .text.tfm_spm_partition_psa_read
                0x0000000000005fa4       0xe0 secure_fw/spm/libtfm_spm.a(psa_read_write_skip_api.o)
                0x0000000000005fa4                tfm_spm_partition_psa_read
 .text.tfm_spm_partition_psa_write
                0x0000000000006084       0xd4 secure_fw/spm/libtfm_spm.a(psa_read_write_skip_api.o)
                0x0000000000006084                tfm_spm_partition_psa_write
 .text.arch_seal_thread_stack
                0x0000000000006158       0x60 secure_fw/spm/libtfm_spm.a(backend_sfn.o)
 .text.backend_messaging
                0x00000000000061b8       0x9c secure_fw/spm/libtfm_spm.a(backend_sfn.o)
                0x00000000000061b8                backend_messaging
 .text.backend_replying
                0x0000000000006254       0x24 secure_fw/spm/libtfm_spm.a(backend_sfn.o)
                0x0000000000006254                backend_replying
 .text.spm_init_function
                0x0000000000006278       0x84 secure_fw/spm/libtfm_spm.a(backend_sfn.o)
 .text.backend_init_comp_assuredly
                0x00000000000062fc       0x5c secure_fw/spm/libtfm_spm.a(backend_sfn.o)
                0x00000000000062fc                backend_init_comp_assuredly
 .text.backend_system_run
                0x0000000000006358       0xac secure_fw/spm/libtfm_spm.a(backend_sfn.o)
                0x0000000000006358                backend_system_run
 .text.tz_ns_agent_register_client_id_range
                0x0000000000006404       0x24 secure_fw/spm/libtfm_spm.a(tfm_spm_ns_ctx.o)
                0x0000000000006404                tz_ns_agent_register_client_id_range
 .text.tz_ns_agent_client_id_translate
                0x0000000000006428       0x64 secure_fw/spm/libtfm_spm.a(tfm_spm_ns_ctx.o)
 .text.tfm_nspm_ctx_init
                0x000000000000648c       0x2c secure_fw/spm/libtfm_spm.a(tfm_spm_ns_ctx.o)
                0x000000000000648c                tfm_nspm_ctx_init
 .text.__NVIC_SetPriority
                0x00000000000064b8       0x54 secure_fw/spm/libtfm_spm.a(tfm_arch_v8m_main.o)
 .text.SVC_Handler
                0x000000000000650c       0x6c secure_fw/spm/libtfm_spm.a(tfm_arch_v8m_main.o)
                0x000000000000650c                SVC_Handler
 .text.tfm_arch_set_secure_exception_priorities
                0x0000000000006578       0x68 secure_fw/spm/libtfm_spm.a(tfm_arch_v8m_main.o)
                0x0000000000006578                tfm_arch_set_secure_exception_priorities
 .text.ns_agent_tz_main
                0x00000000000065e0       0x30 secure_fw/spm/libtfm_spm.a(ns_agent_tz_v80m.o)
                0x00000000000065e0                ns_agent_tz_main
 .text.tfm_hal_bind_boundary
                0x0000000000006610      0x190 secure_fw/spm/libtfm_spm.a(tfm_hal_isolation.o)
                0x0000000000006610                tfm_hal_bind_boundary
 .text.mpu_init_cfg
                0x00000000000067a0      0x140 secure_fw/spm/libtfm_spm.a(tfm_hal_isolation.o)
                0x00000000000067a0                mpu_init_cfg
 .text.tfm_hal_get_ns_VTOR
                0x00000000000068e0       0x14 secure_fw/spm/libtfm_spm.a(tfm_hal_platform_common.o)
                0x00000000000068e0                tfm_hal_get_ns_VTOR
 .text.tfm_hal_get_ns_MSP
                0x00000000000068f4       0x18 secure_fw/spm/libtfm_spm.a(tfm_hal_platform_common.o)
                0x00000000000068f4                tfm_hal_get_ns_MSP
 .text.tfm_hal_get_ns_entry_point
                0x000000000000690c       0x18 secure_fw/spm/libtfm_spm.a(tfm_hal_platform_common.o)
                0x000000000000690c                tfm_hal_get_ns_entry_point
 .text.__NVIC_ClearPendingIRQ
                0x0000000000006924       0x3c secure_fw/spm/libtfm_spm.a(faults.o)
 .text.SPU_Handler
                0x0000000000006960       0x2c secure_fw/spm/libtfm_spm.a(faults.o)
                0x0000000000006960                SPU_Handler
 .text.__NVIC_EnableIRQ
                0x000000000000698c       0x38 secure_fw/spm/libtfm_spm.a(target_cfg.o)
 .text.__NVIC_ClearPendingIRQ
                0x00000000000069c4       0x3c secure_fw/spm/libtfm_spm.a(target_cfg.o)
 .text.NVIC_ClearTargetState
                0x0000000000006a00       0x6c secure_fw/spm/libtfm_spm.a(target_cfg.o)
 .text.__NVIC_SetPriority
                0x0000000000006a6c       0x54 secure_fw/spm/libtfm_spm.a(target_cfg.o)
 .text.TZ_SAU_Disable
                0x0000000000006ac0       0x1c secure_fw/spm/libtfm_spm.a(target_cfg.o)
 .text.nrf_spu_dppi_config_set
                0x0000000000006adc       0x7c secure_fw/spm/libtfm_spm.a(target_cfg.o)
 .text.nrf_spu_gpio_config_set
                0x0000000000006b58       0x7c secure_fw/spm/libtfm_spm.a(target_cfg.o)
 .text.nrf_spu_extdomain_set
                0x0000000000006bd4       0x88 secure_fw/spm/libtfm_spm.a(target_cfg.o)
 .text.nrfx_nvmc_icache_enable
                0x0000000000006c5c       0x18 secure_fw/spm/libtfm_spm.a(target_cfg.o)
 .text.enable_fault_handlers
                0x0000000000006c74       0x24 secure_fw/spm/libtfm_spm.a(target_cfg.o)
                0x0000000000006c74                enable_fault_handlers
 .text.system_reset_cfg
                0x0000000000006c98       0x34 secure_fw/spm/libtfm_spm.a(target_cfg.o)
                0x0000000000006c98                system_reset_cfg
 .text.nvic_interrupt_target_state_cfg
                0x0000000000006ccc       0x64 secure_fw/spm/libtfm_spm.a(target_cfg.o)
                0x0000000000006ccc                nvic_interrupt_target_state_cfg
 .text.nvic_interrupt_enable
                0x0000000000006d30       0x50 secure_fw/spm/libtfm_spm.a(target_cfg.o)
                0x0000000000006d30                nvic_interrupt_enable
 .text.sau_and_idau_cfg
                0x0000000000006d80       0x1c secure_fw/spm/libtfm_spm.a(target_cfg.o)
                0x0000000000006d80                sau_and_idau_cfg
 .text.spu_init_cfg
                0x0000000000006d9c       0xf4 secure_fw/spm/libtfm_spm.a(target_cfg.o)
                0x0000000000006d9c                spu_init_cfg
 .text.dppi_channel_configuration
                0x0000000000006e90       0x24 secure_fw/spm/libtfm_spm.a(target_cfg.o)
 .text.spu_periph_init_cfg
                0x0000000000006eb4       0x7c secure_fw/spm/libtfm_spm.a(target_cfg.o)
                0x0000000000006eb4                spu_periph_init_cfg
 .text.tfm_core_check_boot_data_access_policy
                0x0000000000006f30       0x58 secure_fw/spm/libtfm_spm.a(tfm_boot_data.o)
 .text.tfm_core_validate_boot_data
                0x0000000000006f88       0x18 secure_fw/spm/libtfm_spm.a(tfm_boot_data.o)
                0x0000000000006f88                tfm_core_validate_boot_data
 .text.tfm_core_get_boot_data_handler
                0x0000000000006fa0       0xac secure_fw/spm/libtfm_spm.a(tfm_boot_data.o)
                0x0000000000006fa0                tfm_core_get_boot_data_handler
 .text.tfm_arch_check_msp_sealing
                0x000000000000704c       0x4c secure_fw/spm/libtfm_spm.a(tfm_svcalls.o)
 .text.handle_spm_svc_requests
                0x0000000000007098       0xbc secure_fw/spm/libtfm_spm.a(tfm_svcalls.o)
 .text.spm_svc_handler
                0x0000000000007154       0xcc secure_fw/spm/libtfm_spm.a(tfm_svcalls.o)
                0x0000000000007154                spm_svc_handler
 .text.tfm_core_panic
                0x0000000000007220        0xc secure_fw/spm/libtfm_spm.a(utilities.o)
                0x0000000000007220                tfm_core_panic
 .text.spm_log_msgval
                0x000000000000722c       0x62 secure_fw/spm/libtfm_spm.a(spm_log.o)
                0x000000000000722c                spm_log_msgval
 .text.tfm_arch_set_msplim
                0x000000000000728e       0x1e secure_fw/spm/libtfm_spm.a(main.o)
 .text.__save_disable_irq
                0x00000000000072ac       0x1a secure_fw/spm/libtfm_spm.a(spm_ipc.o)
 .text.__restore_irq
                0x00000000000072c6       0x18 secure_fw/spm/libtfm_spm.a(spm_ipc.o)
 .text.spm_msg_handle_to_connection
                0x00000000000072de       0x44 secure_fw/spm/libtfm_spm.a(spm_ipc.o)
                0x00000000000072de                spm_msg_handle_to_connection
 .text.tfm_spm_get_client_id
                0x0000000000007322       0x38 secure_fw/spm/libtfm_spm.a(spm_ipc.o)
                0x0000000000007322                tfm_spm_get_client_id
 .text.load_services_assuredly
                0x000000000000735a      0x148 secure_fw/spm/libtfm_spm.a(rom_loader.o)
                0x000000000000735a                load_services_assuredly
 .text.load_irqs_assuredly
                0x00000000000074a2       0x12 secure_fw/spm/libtfm_spm.a(rom_loader.o)
                0x00000000000074a2                load_irqs_assuredly
 .text.__save_disable_irq
                0x00000000000074b4       0x1a secure_fw/spm/libtfm_spm.a(psa_api.o)
 .text.__restore_irq
                0x00000000000074ce       0x18 secure_fw/spm/libtfm_spm.a(psa_api.o)
 .text.spm_handle_programmer_errors
                0x00000000000074e6       0x34 secure_fw/spm/libtfm_spm.a(psa_api.o)
                0x00000000000074e6                spm_handle_programmer_errors
 .text.tfm_spm_partition_psa_reply
                0x000000000000751a       0xfe secure_fw/spm/libtfm_spm.a(psa_api.o)
                0x000000000000751a                tfm_spm_partition_psa_reply
 .text.tfm_spm_partition_psa_panic
                0x0000000000007618       0x10 secure_fw/spm/libtfm_spm.a(psa_api.o)
                0x0000000000007618                tfm_spm_partition_psa_panic
 .text.tfm_spm_client_psa_call
                0x0000000000007628       0x76 secure_fw/spm/libtfm_spm.a(psa_call_api.o)
                0x0000000000007628                tfm_spm_client_psa_call
 .text.tfm_spm_client_psa_framework_version
                0x000000000000769e       0x10 secure_fw/spm/libtfm_spm.a(psa_version_api.o)
                0x000000000000769e                tfm_spm_client_psa_framework_version
 .text.tfm_spm_client_psa_version
                0x00000000000076ae       0x46 secure_fw/spm/libtfm_spm.a(psa_version_api.o)
                0x00000000000076ae                tfm_spm_client_psa_version
 .text.arch_update_process_sp
                0x00000000000076f4       0x32 secure_fw/spm/libtfm_spm.a(backend_sfn.o)
 .text.tfm_nspm_get_current_client_id
                0x0000000000007726       0x2a secure_fw/spm/libtfm_spm.a(tfm_spm_ns_ctx.o)
                0x0000000000007726                tfm_nspm_get_current_client_id
 .text.tfm_arch_get_psplim
                0x0000000000007750       0x18 secure_fw/spm/libtfm_spm.a(spm_local_connection.o)
 .text.tfm_arch_set_psplim
                0x0000000000007768       0x1e secure_fw/spm/libtfm_spm.a(spm_local_connection.o)
 .text.alloc_conn_from_stack_top
                0x0000000000007786       0x20 secure_fw/spm/libtfm_spm.a(spm_local_connection.o)
 .text.free_conn_from_stack_top
                0x00000000000077a6       0x1e secure_fw/spm/libtfm_spm.a(spm_local_connection.o)
 .text.connection_to_handle
                0x00000000000077c4       0x16 secure_fw/spm/libtfm_spm.a(spm_local_connection.o)
                0x00000000000077c4                connection_to_handle
 .text.handle_to_connection
                0x00000000000077da       0x28 secure_fw/spm/libtfm_spm.a(spm_local_connection.o)
                0x00000000000077da                handle_to_connection
 .text.spm_init_connection_space
                0x0000000000007802        0xc secure_fw/spm/libtfm_spm.a(spm_local_connection.o)
                0x0000000000007802                spm_init_connection_space
 .text.spm_allocate_connection
                0x000000000000780e        0xe secure_fw/spm/libtfm_spm.a(spm_local_connection.o)
                0x000000000000780e                spm_allocate_connection
 .text.spm_validate_connection
                0x000000000000781c       0x14 secure_fw/spm/libtfm_spm.a(spm_local_connection.o)
                0x000000000000781c                spm_validate_connection
 .text.spm_free_connection
                0x0000000000007830       0x14 secure_fw/spm/libtfm_spm.a(spm_local_connection.o)
                0x0000000000007830                spm_free_connection
 .text.tfm_arch_config_extensions
                0x0000000000007844        0xc secure_fw/spm/libtfm_spm.a(tfm_arch_v8m_main.o)
                0x0000000000007844                tfm_arch_config_extensions
 .text.tfm_hal_set_up_static_boundaries
                0x0000000000007850       0x4c secure_fw/spm/libtfm_spm.a(tfm_hal_isolation.o)
                0x0000000000007850                tfm_hal_set_up_static_boundaries
 .text.accessible_to_region
                0x000000000000789c      0x196 secure_fw/spm/libtfm_spm.a(tfm_hal_isolation.o)
 .text.tfm_hal_memory_check
                0x0000000000007a32      0x142 secure_fw/spm/libtfm_spm.a(tfm_hal_isolation.o)
                0x0000000000007a32                tfm_hal_memory_check
 .text.tfm_hal_platform_common_init
                0x0000000000007b74       0x78 secure_fw/spm/libtfm_spm.a(tfm_hal_platform_common.o)
                0x0000000000007b74                tfm_hal_platform_common_init
 .text.SPU_IRQHandler
                0x0000000000007bec       0x1e secure_fw/spm/libtfm_spm.a(faults.o)
                0x0000000000007bec                SPU_IRQHandler
 .text.nrf_nvmc_icache_config_set
                0x0000000000007c0a       0x40 secure_fw/spm/libtfm_spm.a(target_cfg.o)
 .text.init_debug
                0x0000000000007c4a        0xe secure_fw/spm/libtfm_spm.a(target_cfg.o)
                0x0000000000007c4a                init_debug
 .text.tfm_arch_free_msp_and_exc_ret
                0x0000000000007c58        0xa secure_fw/spm/libtfm_spm.a(tfm_arch.o)
                0x0000000000007c58                tfm_arch_free_msp_and_exc_ret
 .text.arch_clean_stack_and_launch
                0x0000000000007c62       0x1a secure_fw/spm/libtfm_spm.a(tfm_arch.o)
                0x0000000000007c62                arch_clean_stack_and_launch
 .text.is_return_secure_stack
                0x0000000000007c7c       0x24 secure_fw/spm/libtfm_spm.a(tfm_svcalls.o)
 .text.is_default_stacking_rules_apply
                0x0000000000007ca0       0x24 secure_fw/spm/libtfm_spm.a(tfm_svcalls.o)
 *libplatform_s*:*(.rodata*)
 .rodata        0x0000000000007cc4       0x95 platform/libplatform_s.a(exception_info.o)
 *fill*         0x0000000000007d59        0x3 
 .rodata        0x0000000000007d5c        0xa platform/libplatform_s.a(uart_stdout.o)
 *fill*         0x0000000000007d66        0x2 
 .rodata.__func__.1
                0x0000000000007d68        0xb platform/libplatform_s.a(uart_stdout.o)
 *fill*         0x0000000000007d73        0x1 
 .rodata.DriverVersion
                0x0000000000007d74        0x4 platform/libplatform_s.a(Driver_USART.o)
 .rodata.UART1_pins
                0x0000000000007d78       0x10 platform/libplatform_s.a(Driver_USART.o)
 .rodata.Driver_USART1
                0x0000000000007d88       0x38 platform/libplatform_s.a(Driver_USART.o)
                0x0000000000007d88                Driver_USART1
 .rodata        0x0000000000007dc0        0xa platform/libplatform_s.a(nrfx_uarte.o)
 *fill*         0x0000000000007dca        0x2 
 .rodata.__func__.14
                0x0000000000007dcc       0x19 platform/libplatform_s.a(nrfx_uarte.o)
 *fill*         0x0000000000007de5        0xb 
 .rodata.delay_machine_code.13
                0x0000000000007df0        0x6 platform/libplatform_s.a(nrfx_uarte.o)
 *fill*         0x0000000000007df6        0x2 
 .rodata.__func__.12
                0x0000000000007df8       0x10 platform/libplatform_s.a(nrfx_uarte.o)
 .rodata.__func__.10
                0x0000000000007e08       0x12 platform/libplatform_s.a(nrfx_uarte.o)
 *fill*         0x0000000000007e1a        0x2 
 .rodata.__func__.9
                0x0000000000007e1c        0x9 platform/libplatform_s.a(nrfx_uarte.o)
 *fill*         0x0000000000007e25        0x3 
 .rodata.__func__.8
                0x0000000000007e28        0xe platform/libplatform_s.a(nrfx_uarte.o)
 *fill*         0x0000000000007e36        0x2 
 .rodata.__func__.6
                0x0000000000007e38       0x19 platform/libplatform_s.a(nrfx_uarte.o)
 *fill*         0x0000000000007e51        0x3 
 .rodata.__func__.5
                0x0000000000007e54       0x14 platform/libplatform_s.a(nrfx_uarte.o)
 .rodata.__func__.4
                0x0000000000007e68        0xe platform/libplatform_s.a(nrfx_uarte.o)
 *fill*         0x0000000000007e76        0x2 
 .rodata.__func__.3
                0x0000000000007e78       0x14 platform/libplatform_s.a(nrfx_uarte.o)
 .rodata        0x0000000000007e8c        0xa platform/libplatform_s.a(nrfx_glue.o)
 *fill*         0x0000000000007e96        0x2 
 .rodata.__func__.0
                0x0000000000007e98       0x1b platform/libplatform_s.a(nrfx_glue.o)
 *fill*         0x0000000000007eb3        0x1 
 .rodata        0x0000000000007eb4        0xa platform/libplatform_s.a(spu.o)
 *fill*         0x0000000000007ebe        0x2 
 .rodata.__func__.6
                0x0000000000007ec0       0x18 platform/libplatform_s.a(spu.o)
 .rodata.__func__.5
                0x0000000000007ed8       0x16 platform/libplatform_s.a(spu.o)
 *fill*         0x0000000000007eee        0x2 
 .rodata.__func__.4
                0x0000000000007ef0       0x2d platform/libplatform_s.a(spu.o)
 *fill*         0x0000000000007f1d        0x3 
 .rodata.__func__.3
                0x0000000000007f20       0x15 platform/libplatform_s.a(spu.o)
 *fill*         0x0000000000007f35        0x3 
 .rodata.__func__.2
                0x0000000000007f38       0x1d platform/libplatform_s.a(spu.o)
 *fill*         0x0000000000007f55        0x3 
 .rodata.__func__.1
                0x0000000000007f58       0x17 platform/libplatform_s.a(spu.o)
 *fill*         0x0000000000007f6f        0x1 
 .rodata.__func__.0
                0x0000000000007f70       0x21 platform/libplatform_s.a(spu.o)
 *fill*         0x0000000000007f91        0x3 
 .rodata        0x0000000000007f94       0x16 platform/libplatform_s.a(nrf_exception_info.o)
 *fill*         0x0000000000007faa        0x2 
 .rodata        0x0000000000007fac       0x2e platform/libplatform_s.a(tfm_hal_platform.o)
 *fill*         0x0000000000007fda        0x2 
 .rodata.ranges
                0x0000000000007fdc       0x20 platform/libplatform_s.a(tfm_platform_hal_ioctl.o)
 .rodata.tfm_write32_service_addresses
                0x0000000000007ffc       0x10 platform/libplatform_s.a(tfm_platform_hal_ioctl.o)
 *libtfm_spm*:*(.rodata*)
 .rodata.HEX_TABLE
                0x000000000000800c       0x10 secure_fw/spm/libtfm_spm.a(spm_log.o)
 .rodata        0x000000000000801c       0x5d secure_fw/spm/libtfm_spm.a(main.o)
 *fill*         0x0000000000008079        0x3 
 .rodata        0x000000000000807c        0xa secure_fw/spm/libtfm_spm.a(spm_ipc.o)
 *fill*         0x0000000000008086        0x2 
 .rodata.__func__.4
                0x0000000000008088       0x1d secure_fw/spm/libtfm_spm.a(spm_ipc.o)
 *fill*         0x00000000000080a5        0x3 
 .rodata.__func__.3
                0x00000000000080a8       0x1c secure_fw/spm/libtfm_spm.a(spm_ipc.o)
 .rodata.__func__.2
                0x00000000000080c4       0x18 secure_fw/spm/libtfm_spm.a(spm_ipc.o)
 .rodata.__func__.1
                0x00000000000080dc       0x19 secure_fw/spm/libtfm_spm.a(spm_ipc.o)
 *fill*         0x00000000000080f5        0x3 
 .rodata.__func__.0
                0x00000000000080f8       0x19 secure_fw/spm/libtfm_spm.a(spm_ipc.o)
 *fill*         0x0000000000008111        0x3 
 .rodata        0x0000000000008114        0xa secure_fw/spm/libtfm_spm.a(backend_sfn.o)
 *fill*         0x000000000000811e        0x2 
 .rodata.__func__.1
                0x0000000000008120       0x13 secure_fw/spm/libtfm_spm.a(backend_sfn.o)
 *fill*         0x0000000000008133        0x1 
 .rodata.__func__.0
                0x0000000000008134       0x17 secure_fw/spm/libtfm_spm.a(backend_sfn.o)
 *fill*         0x000000000000814b        0x1 
 .rodata.partition_named_mmio_list
                0x000000000000814c        0x8 secure_fw/spm/libtfm_spm.a(tfm_hal_isolation.o)
                0x000000000000814c                partition_named_mmio_list
 .rodata        0x0000000000008154        0xa secure_fw/spm/libtfm_spm.a(target_cfg.o)
 *fill*         0x000000000000815e        0x2 
 .rodata.memory_regions
                0x0000000000008160       0x1c secure_fw/spm/libtfm_spm.a(target_cfg.o)
                0x0000000000008160                memory_regions
 .rodata.__func__.3
                0x000000000000817c       0x18 secure_fw/spm/libtfm_spm.a(target_cfg.o)
 .rodata.target_peripherals.2
                0x0000000000008194       0x74 secure_fw/spm/libtfm_spm.a(target_cfg.o)
 .rodata.__func__.1
                0x0000000000008208       0x18 secure_fw/spm/libtfm_spm.a(target_cfg.o)
 .rodata.__func__.0
                0x0000000000008220       0x16 secure_fw/spm/libtfm_spm.a(target_cfg.o)
 *fill*         0x0000000000008236        0x2 
 .rodata.access_policy_table
                0x0000000000008238        0x8 secure_fw/spm/libtfm_spm.a(tfm_boot_data.o)
 .rodata        0x0000000000008240       0x47 secure_fw/spm/libtfm_spm.a(tfm_svcalls.o)
 *fill*         0x0000000000008287        0x1 
 .rodata.__func__.0
                0x0000000000008288       0x1b secure_fw/spm/libtfm_spm.a(tfm_svcalls.o)

.glue_7         0x00000000000082a4        0x0
 .glue_7        0x00000000000082a4        0x0 linker stubs

.glue_7t        0x00000000000082a4        0x0
 .glue_7t       0x00000000000082a4        0x0 linker stubs

.vfp11_veneer   0x00000000000082a4        0x0
 .vfp11_veneer  0x00000000000082a4        0x0 linker stubs

.v4_bx          0x00000000000082a4        0x0
 .v4_bx         0x00000000000082a4        0x0 linker stubs

.iplt           0x00000000000082a4        0x0
 .iplt          0x00000000000082a4        0x0 /home/abdullah/ncs/toolchains/b77d8c1312/opt/zephyr-sdk/arm-zephyr-eabi/bin/../lib/gcc/arm-zephyr-eabi/12.2.0/thumb/v8-m.main/nofp/crtbegin.o

.TFM_UNPRIV_CODE
                0x00000000000082c0     0x2fa0
 *(SORT_BY_ALIGNMENT(.text*))
 .text          0x00000000000082c0       0x88 /home/abdullah/ncs/toolchains/b77d8c1312/opt/zephyr-sdk/arm-zephyr-eabi/bin/../lib/gcc/arm-zephyr-eabi/12.2.0/thumb/v8-m.main/nofp/crtbegin.o
 .text          0x0000000000008348       0x7c /home/abdullah/ncs/toolchains/b77d8c1312/opt/zephyr-sdk/arm-zephyr-eabi/bin/../lib/gcc/arm-zephyr-eabi/12.2.0/../../../../arm-zephyr-eabi/lib/thumb/v8-m.main/nofp/crt0.o
                0x0000000000008348                _stack_init
                0x0000000000008350                _mainCRTStartup
                0x0000000000008350                _start
 .text.tfm_psa_framework_version_veneer
                0x00000000000083c4       0x28 secure_fw/CMakeFiles/tfm_s.dir/partitions/ns_agent_tz/psa_api_veneers_v80m.o
                0x00000000000083c4                __acle_se_tfm_psa_framework_version_veneer
 .text.tfm_psa_version_veneer
                0x00000000000083ec       0x28 secure_fw/CMakeFiles/tfm_s.dir/partitions/ns_agent_tz/psa_api_veneers_v80m.o
                0x00000000000083ec                __acle_se_tfm_psa_version_veneer
 .text.tfm_psa_call_veneer
                0x0000000000008414       0x30 secure_fw/CMakeFiles/tfm_s.dir/partitions/ns_agent_tz/psa_api_veneers_v80m.o
                0x0000000000008414                __acle_se_tfm_psa_call_veneer
 .text.tfm_psa_connect_veneer
                0x0000000000008444       0x20 secure_fw/CMakeFiles/tfm_s.dir/partitions/ns_agent_tz/psa_api_veneers_v80m.o
                0x0000000000008444                __acle_se_tfm_psa_connect_veneer
 .text.tfm_psa_close_veneer
                0x0000000000008464       0x14 secure_fw/CMakeFiles/tfm_s.dir/partitions/ns_agent_tz/psa_api_veneers_v80m.o
                0x0000000000008464                __acle_se_tfm_psa_close_veneer
 .text.tfm_psa_call_pack
                0x0000000000008478       0x70 secure_fw/partitions/lib/runtime/libtfm_sprt.a(psa_interface_sfn.o)
                0x0000000000008478                tfm_psa_call_pack
 .text.verify_header
                0x00000000000084e8       0x44 secure_fw/partitions/crypto/mbedcrypto/nrf_security_src/libcrypto_service_mbedcrypto.a(memory_buffer_alloc.o)
 .text.verify_chain
                0x000000000000852c       0x68 secure_fw/partitions/crypto/mbedcrypto/nrf_security_src/libcrypto_service_mbedcrypto.a(memory_buffer_alloc.o)
 .text.buffer_alloc_free
                0x0000000000008594       0xe8 secure_fw/partitions/crypto/mbedcrypto/nrf_security_src/libcrypto_service_mbedcrypto.a(memory_buffer_alloc.o)
 .text.buffer_alloc_calloc
                0x000000000000867c      0x10c secure_fw/partitions/crypto/mbedcrypto/nrf_security_src/libcrypto_service_mbedcrypto.a(memory_buffer_alloc.o)
 .text.mbedtls_memory_buffer_alloc_init
                0x0000000000008788       0x64 secure_fw/partitions/crypto/mbedcrypto/nrf_security_src/libcrypto_service_mbedcrypto.a(memory_buffer_alloc.o)
                0x0000000000008788                mbedtls_memory_buffer_alloc_init
 .text._tfm_dec_num_output
                0x00000000000087ec       0xb8 secure_fw/partitions/lib/runtime/libtfm_sp_log.a(tfm_sp_log_raw.o)
 .text.vprintf  0x00000000000088a4      0x254 secure_fw/partitions/lib/runtime/libtfm_sp_log.a(tfm_sp_log_raw.o)
                0x00000000000088a4                vprintf
 .text.platform_calloc_uninit
                0x0000000000008af8        0x4 secure_fw/partitions/crypto/mbedcrypto/nrf_security_src/core/nrf_oberon/liboberon_psa_core.a(platform.o)
 .text.platform_free_uninit
                0x0000000000008afc        0x4 secure_fw/partitions/crypto/mbedcrypto/nrf_security_src/core/nrf_oberon/liboberon_psa_core.a(platform.o)
 .text.mbedtls_free
                0x0000000000008b00        0xc secure_fw/partitions/crypto/mbedcrypto/nrf_security_src/core/nrf_oberon/liboberon_psa_core.a(platform.o)
                0x0000000000008b00                mbedtls_free
 .text.mbedtls_platform_set_calloc_free
                0x0000000000008b0c       0x1c secure_fw/partitions/crypto/mbedcrypto/nrf_security_src/core/nrf_oberon/liboberon_psa_core.a(platform.o)
                0x0000000000008b0c                mbedtls_platform_set_calloc_free
 .text.mbedtls_platform_set_printf
                0x0000000000008b28       0x10 secure_fw/partitions/crypto/mbedcrypto/nrf_security_src/core/nrf_oberon/liboberon_psa_core.a(platform.o)
                0x0000000000008b28                mbedtls_platform_set_printf
 .text.mbedtls_platform_zeroize
                0x0000000000008b38       0x18 secure_fw/partitions/crypto/mbedcrypto/nrf_security_src/core/nrf_oberon/liboberon_psa_core.a(platform_util.o)
                0x0000000000008b38                mbedtls_platform_zeroize
 .text.mbedtls_zeroize_and_free
                0x0000000000008b50       0x20 secure_fw/partitions/crypto/mbedcrypto/nrf_security_src/core/nrf_oberon/liboberon_psa_core.a(platform_util.o)
                0x0000000000008b50                mbedtls_zeroize_and_free
 .text.psa_wipe_key_slot
                0x0000000000008b70       0x50 secure_fw/partitions/crypto/mbedcrypto/nrf_security_src/core/nrf_oberon/liboberon_psa_core.a(psa_crypto.o)
                0x0000000000008b70                psa_wipe_key_slot
 .text.mbedcrypto__psa_generate_random
                0x0000000000008bc0       0x24 secure_fw/partitions/crypto/mbedcrypto/nrf_security_src/core/nrf_oberon/liboberon_psa_core.a(psa_crypto.o)
                0x0000000000008bc0                mbedcrypto__psa_generate_random
 .text.mbedtls_psa_crypto_free
                0x0000000000008be4       0x58 secure_fw/partitions/crypto/mbedcrypto/nrf_security_src/core/nrf_oberon/liboberon_psa_core.a(psa_crypto.o)
                0x0000000000008be4                mbedtls_psa_crypto_free
 .text.mbedcrypto__psa_crypto_init
                0x0000000000008c3c       0x84 secure_fw/partitions/crypto/mbedcrypto/nrf_security_src/core/nrf_oberon/liboberon_psa_core.a(psa_crypto.o)
                0x0000000000008c3c                mbedcrypto__psa_crypto_init
 .text.psa_initialize_key_slots
                0x0000000000008cc0       0x10 secure_fw/partitions/crypto/mbedcrypto/nrf_security_src/core/nrf_oberon/liboberon_psa_core.a(psa_crypto_slot_management.o)
                0x0000000000008cc0                psa_initialize_key_slots
 .text.psa_wipe_all_key_slots
                0x0000000000008cd0       0x30 secure_fw/partitions/crypto/mbedcrypto/nrf_security_src/core/nrf_oberon/liboberon_psa_core.a(psa_crypto_slot_management.o)
                0x0000000000008cd0                psa_wipe_all_key_slots
 .text.psa_driver_wrapper_init
                0x0000000000008d00        0x4 secure_fw/partitions/crypto/mbedcrypto/nrf_security_src/core/nrf_oberon/liboberon_psa_core.a(psa_crypto_driver_wrappers.o)
                0x0000000000008d00                psa_driver_wrapper_init
 .text.psa_driver_wrapper_free
                0x0000000000008d04        0x4 secure_fw/partitions/crypto/mbedcrypto/nrf_security_src/core/nrf_oberon/liboberon_psa_core.a(psa_crypto_driver_wrappers.o)
                0x0000000000008d04                psa_driver_wrapper_free
 .text.psa_driver_wrapper_init_random
                0x0000000000008d08        0x4 secure_fw/partitions/crypto/mbedcrypto/nrf_security_src/core/nrf_oberon/liboberon_psa_core.a(psa_crypto_driver_wrappers.o)
                0x0000000000008d08                psa_driver_wrapper_init_random
 .text.psa_driver_wrapper_get_random
                0x0000000000008d0c       0x24 secure_fw/partitions/crypto/mbedcrypto/nrf_security_src/core/nrf_oberon/liboberon_psa_core.a(psa_crypto_driver_wrappers.o)
                0x0000000000008d0c                psa_driver_wrapper_get_random
 .text.psa_driver_wrapper_free_random
                0x0000000000008d30        0x4 secure_fw/partitions/crypto/mbedcrypto/nrf_security_src/core/nrf_oberon/liboberon_psa_core.a(psa_crypto_driver_wrappers.o)
                0x0000000000008d30                psa_driver_wrapper_free_random
 .text.nrf_cc3xx_platform_init_hmac_drbg
                0x0000000000008d34       0x44 /home/abdullah/ncs/v2.9.0/nrfxlib/crypto/nrf_cc310_platform/lib/cortex-m33/soft-float/no-interrupts/libnrf_cc310_platform_0.9.19.a(nrf_cc3xx_platform.c.obj)
                0x0000000000008d34                nrf_cc3xx_platform_init_hmac_drbg
 .text.nrf_cc3xx_platform_hmac_drbg_init
                0x0000000000008d78       0x60 /home/abdullah/ncs/v2.9.0/nrfxlib/crypto/nrf_cc310_platform/lib/cortex-m33/soft-float/no-interrupts/libnrf_cc310_platform_0.9.19.a(nrf_cc3xx_platform_hmac_drbg.c.obj)
                0x0000000000008d78                nrf_cc3xx_platform_hmac_drbg_init
 .text.nrf_cc3xx_platform_hmac_drbg_get
                0x0000000000008dd8       0x44 /home/abdullah/ncs/v2.9.0/nrfxlib/crypto/nrf_cc310_platform/lib/cortex-m33/soft-float/no-interrupts/libnrf_cc310_platform_0.9.19.a(nrf_cc3xx_platform_hmac_drbg.c.obj)
                0x0000000000008dd8                nrf_cc3xx_platform_hmac_drbg_get
 .text.mbedtls_zeroize_internal
                0x0000000000008e1c       0x14 /home/abdullah/ncs/v2.9.0/nrfxlib/crypto/nrf_cc310_platform/lib/cortex-m33/soft-float/no-interrupts/libnrf_cc310_platform_0.9.19.a(mbedtls_common.c.obj)
                0x0000000000008e1c                mbedtls_zeroize_internal
 .text.cc_mbedtls_platform_zeroize
                0x0000000000008e30       0x14 /home/abdullah/ncs/v2.9.0/nrfxlib/crypto/nrf_cc310_platform/lib/cortex-m33/soft-float/no-interrupts/libnrf_cc310_platform_0.9.19.a(mbedtls_common.c.obj)
                0x0000000000008e30                cc_mbedtls_platform_zeroize
 .text.entropy_update
                0x0000000000008e44       0x7c /home/abdullah/ncs/v2.9.0/nrfxlib/crypto/nrf_cc310_platform/lib/cortex-m33/soft-float/no-interrupts/libnrf_cc310_platform_0.9.19.a(custom_entropy.c.obj)
 .text.entropy_gather_internal.part.0
                0x0000000000008ec0       0x88 /home/abdullah/ncs/v2.9.0/nrfxlib/crypto/nrf_cc310_platform/lib/cortex-m33/soft-float/no-interrupts/libnrf_cc310_platform_0.9.19.a(custom_entropy.c.obj)
 .text.cc_mbedtls_entropy_init
                0x0000000000008f48       0x84 /home/abdullah/ncs/v2.9.0/nrfxlib/crypto/nrf_cc310_platform/lib/cortex-m33/soft-float/no-interrupts/libnrf_cc310_platform_0.9.19.a(custom_entropy.c.obj)
                0x0000000000008f48                cc_mbedtls_entropy_init
 .text.cc_mbedtls_entropy_func
                0x0000000000008fcc      0x110 /home/abdullah/ncs/v2.9.0/nrfxlib/crypto/nrf_cc310_platform/lib/cortex-m33/soft-float/no-interrupts/libnrf_cc310_platform_0.9.19.a(custom_entropy.c.obj)
                0x0000000000008fcc                cc_mbedtls_entropy_func
 .text.cc_hmac_sha256_starts.constprop.0
                0x00000000000090dc      0x108 /home/abdullah/ncs/v2.9.0/nrfxlib/crypto/nrf_cc310_platform/lib/cortex-m33/soft-float/no-interrupts/libnrf_cc310_platform_0.9.19.a(hmac_drbg_alt.c.obj)
 .text.cc_mbedtls_hmac_drbg_init
                0x00000000000091e4       0x28 /home/abdullah/ncs/v2.9.0/nrfxlib/crypto/nrf_cc310_platform/lib/cortex-m33/soft-float/no-interrupts/libnrf_cc310_platform_0.9.19.a(hmac_drbg_alt.c.obj)
                0x00000000000091e4                cc_mbedtls_hmac_drbg_init
 .text.cc_mbedtls_hmac_drbg_update
                0x000000000000920c      0x170 /home/abdullah/ncs/v2.9.0/nrfxlib/crypto/nrf_cc310_platform/lib/cortex-m33/soft-float/no-interrupts/libnrf_cc310_platform_0.9.19.a(hmac_drbg_alt.c.obj)
                0x000000000000920c                cc_mbedtls_hmac_drbg_update
 .text.cc_hmac_drbg_reseed_core
                0x000000000000937c       0xac /home/abdullah/ncs/v2.9.0/nrfxlib/crypto/nrf_cc310_platform/lib/cortex-m33/soft-float/no-interrupts/libnrf_cc310_platform_0.9.19.a(hmac_drbg_alt.c.obj)
 .text.cc_mbedtls_hmac_drbg_seed
                0x0000000000009428       0x54 /home/abdullah/ncs/v2.9.0/nrfxlib/crypto/nrf_cc310_platform/lib/cortex-m33/soft-float/no-interrupts/libnrf_cc310_platform_0.9.19.a(hmac_drbg_alt.c.obj)
                0x0000000000009428                cc_mbedtls_hmac_drbg_seed
 .text.cc_mbedtls_hmac_drbg_random_with_add
                0x000000000000947c      0x144 /home/abdullah/ncs/v2.9.0/nrfxlib/crypto/nrf_cc310_platform/lib/cortex-m33/soft-float/no-interrupts/libnrf_cc310_platform_0.9.19.a(hmac_drbg_alt.c.obj)
                0x000000000000947c                cc_mbedtls_hmac_drbg_random_with_add
 .text.RndStartupTest.constprop.0
                0x00000000000095c0       0x98 /home/abdullah/ncs/v2.9.0/nrfxlib/crypto/nrf_cc310_platform/lib/cortex-m33/soft-float/no-interrupts/libnrf_cc310_platform_0.9.19.a(cc_lib.c.obj)
 .text.CC_LibInit_HMAC_DRBG
                0x0000000000009658       0xc0 /home/abdullah/ncs/v2.9.0/nrfxlib/crypto/nrf_cc310_platform/lib/cortex-m33/soft-float/no-interrupts/libnrf_cc310_platform_0.9.19.a(cc_lib.c.obj)
                0x0000000000009658                CC_LibInit_HMAC_DRBG
 .text.CC_HalInit
                0x0000000000009718        0x4 /home/abdullah/ncs/v2.9.0/nrfxlib/crypto/nrf_cc310_platform/lib/cortex-m33/soft-float/no-interrupts/libnrf_cc310_platform_0.9.19.a(cc_hal.c.obj)
                0x0000000000009718                CC_HalInit
 .text.CC_HalTerminate
                0x000000000000971c        0x4 /home/abdullah/ncs/v2.9.0/nrfxlib/crypto/nrf_cc310_platform/lib/cortex-m33/soft-float/no-interrupts/libnrf_cc310_platform_0.9.19.a(cc_hal.c.obj)
                0x000000000000971c                CC_HalTerminate
 .text.CC_HalClearInterruptBit
                0x0000000000009720       0x1c /home/abdullah/ncs/v2.9.0/nrfxlib/crypto/nrf_cc310_platform/lib/cortex-m33/soft-float/no-interrupts/libnrf_cc310_platform_0.9.19.a(cc_hal.c.obj)
                0x0000000000009720                CC_HalClearInterruptBit
 .text.CC_HalMaskInterrupt
                0x000000000000973c        0xc /home/abdullah/ncs/v2.9.0/nrfxlib/crypto/nrf_cc310_platform/lib/cortex-m33/soft-float/no-interrupts/libnrf_cc310_platform_0.9.19.a(cc_hal.c.obj)
                0x000000000000973c                CC_HalMaskInterrupt
 .text.CC_HalWaitInterrupt
                0x0000000000009748        0xc /home/abdullah/ncs/v2.9.0/nrfxlib/crypto/nrf_cc310_platform/lib/cortex-m33/soft-float/no-interrupts/libnrf_cc310_platform_0.9.19.a(cc_hal.c.obj)
                0x0000000000009748                CC_HalWaitInterrupt
 .text.CC_HalWaitInterruptRND
                0x0000000000009754        0xc /home/abdullah/ncs/v2.9.0/nrfxlib/crypto/nrf_cc310_platform/lib/cortex-m33/soft-float/no-interrupts/libnrf_cc310_platform_0.9.19.a(cc_hal.c.obj)
                0x0000000000009754                CC_HalWaitInterruptRND
 .text.CC_PalInit
                0x0000000000009760       0x5c /home/abdullah/ncs/v2.9.0/nrfxlib/crypto/nrf_cc310_platform/lib/cortex-m33/soft-float/no-interrupts/libnrf_cc310_platform_0.9.19.a(cc_pal.c.obj)
                0x0000000000009760                CC_PalInit
 .text.CC_PalTerminate
                0x00000000000097bc       0x34 /home/abdullah/ncs/v2.9.0/nrfxlib/crypto/nrf_cc310_platform/lib/cortex-m33/soft-float/no-interrupts/libnrf_cc310_platform_0.9.19.a(cc_pal.c.obj)
                0x00000000000097bc                CC_PalTerminate
 .text.CC_PalDmaInit
                0x00000000000097f0        0x4 /home/abdullah/ncs/v2.9.0/nrfxlib/crypto/nrf_cc310_platform/lib/cortex-m33/soft-float/no-interrupts/libnrf_cc310_platform_0.9.19.a(cc_pal_dma.c.obj)
                0x00000000000097f0                CC_PalDmaInit
 .text.CC_PalDmaTerminate
                0x00000000000097f4        0x4 /home/abdullah/ncs/v2.9.0/nrfxlib/crypto/nrf_cc310_platform/lib/cortex-m33/soft-float/no-interrupts/libnrf_cc310_platform_0.9.19.a(cc_pal_dma.c.obj)
                0x00000000000097f4                CC_PalDmaTerminate
 .text.CC_PalWaitInterruptRND
                0x00000000000097f8       0x2c /home/abdullah/ncs/v2.9.0/nrfxlib/crypto/nrf_cc310_platform/lib/cortex-m33/soft-float/no-interrupts/libnrf_cc310_platform_0.9.19.a(cc_pal_interrupt_ctrl.c.obj)
                0x00000000000097f8                CC_PalWaitInterruptRND
 .text.CC_PalWaitInterrupt
                0x0000000000009824       0x18 /home/abdullah/ncs/v2.9.0/nrfxlib/crypto/nrf_cc310_platform/lib/cortex-m33/soft-float/no-interrupts/libnrf_cc310_platform_0.9.19.a(cc_pal_interrupt_ctrl.c.obj)
                0x0000000000009824                CC_PalWaitInterrupt
 .text.CC_PalMemCopyPlat
                0x000000000000983c        0x4 /home/abdullah/ncs/v2.9.0/nrfxlib/crypto/nrf_cc310_platform/lib/cortex-m33/soft-float/no-interrupts/libnrf_cc310_platform_0.9.19.a(cc_pal_mem.c.obj)
                0x000000000000983c                CC_PalMemCopyPlat
 .text.CC_PalMemSetZeroPlat
                0x0000000000009840        0x8 /home/abdullah/ncs/v2.9.0/nrfxlib/crypto/nrf_cc310_platform/lib/cortex-m33/soft-float/no-interrupts/libnrf_cc310_platform_0.9.19.a(cc_pal_mem.c.obj)
                0x0000000000009840                CC_PalMemSetZeroPlat
 .text.CC_PalMutexCreate
                0x0000000000009848       0x14 /home/abdullah/ncs/v2.9.0/nrfxlib/crypto/nrf_cc310_platform/lib/cortex-m33/soft-float/no-interrupts/libnrf_cc310_platform_0.9.19.a(cc_pal_mutex.c.obj)
                0x0000000000009848                CC_PalMutexCreate